python.exe : [stage1] INFO GPRO: no instrument mapped for HL; skipping that leg and watching the remaining legs
所在位置 行:8 字符: 12
+ $output = (& .\.venv\Scripts\python.exe src/spread_watch.py --symbols ...
+            ~~~~~~~~~~~~~~~~~~~~~~~~~~~~~~~~~~~~~~~~~~~~~~~~~~~~~~~~~~
    + CategoryInfo          : NotSpecified: ([stage1] INFO G... remaining legs:String) [], RemoteException
    + FullyQualifiedErrorId : NativeCommandError
 
[stage1] watching SNDK[HL-ENTROPY-ASTER]  GPRO[ENTROPY-ASTER] until 2026-09-14T08:43:52+00:00 -> reports\entropy-io-acceptance\20260914T084152Z
[1m2026-09-14T08:41:53.063242000Z[0m [36m[INFO] STAGE1-001.STAGE1-SPREAD-WATCH: =================================================================[0m
[1m2026-09-14T08:41:53.063310800Z[0m [36m[INFO] STAGE1-001.STAGE1-SPREAD-WATCH:  NAUTILUS TRADER - Automated Algorithmic Trading Platform[0m
[1m2026-09-14T08:41:53.063311900Z[0m [36m[INFO] STAGE1-001.STAGE1-SPREAD-WATCH:  by Nautech Systems Pty Ltd.[0m
[1m2026-09-14T08:41:53.063312300Z[0m [36m[INFO] STAGE1-001.STAGE1-SPREAD-WATCH:  Copyright (C) 2015-2026. All rights reserved.[0m
[1m2026-09-14T08:41:53.063312600Z[0m [36m[INFO] STAGE1-001.STAGE1-SPREAD-WATCH: =================================================================[0m
[1m2026-09-14T08:41:53.063313200Z[0m [INFO] STAGE1-001.STAGE1-SPREAD-WATCH: ⠀⠀⠀⠀⠀⠀⠀⠀⠀⠀⠀⠀⠀⠀⠀⣀⣀⣀⡤⠤⠤⠤⠤⠤⠤⠤⢤⡀⠀⠀⠀⠀⠀⠀[0m
[1m2026-09-14T08:41:53.063314200Z[0m [INFO] STAGE1-001.STAGE1-SPREAD-WATCH: ⠀⠀⠀⠀⠀⠀⠀⠀⠀⢀⣠⠤⠖⠚⠉⠁⠀⠀⠀⠀⠀⠀⠀⠀⠀⠀⣸⠁⠀⠀⠀⠀⠀⠀[0m
[1m2026-09-14T08:41:53.063314500Z[0m [INFO] STAGE1-001.STAGE1-SPREAD-WATCH: ⠀⠀⠀⠀⠀⠀⢀⣠⠖⠋⠀⠀⠀⠀⠀⠀⠀⠀⠀⠀⠀⠀⠀⣀⡴⠚⠁⠀⠀⠀⠀⠀⠀⠀[0m
[1m2026-09-14T08:41:53.063318000Z[0m [INFO] STAGE1-001.STAGE1-SPREAD-WATCH: ⠀⠀⠀⠀⢀⡴⠋⠀⠀⠀⠀⠀⠀⠀⠀⠀⠀⠀⠀⠀⠀⢀⡞⠁⠀⠀⠀⠀⠀⠀⠀⠀⠀⠀[0m
[1m2026-09-14T08:41:53.063318300Z[0m [INFO] STAGE1-001.STAGE1-SPREAD-WATCH: ⠀⠀⠀⣠⠏⠀⠀⠀⠀⠀⠀⠀⠀⢀⣠⠤⠖⠒⠒⠒⠒⠋⠀⠀⠀⠀⠀⠀⠀⠀⠀⠀⠀⠀[0m
[1m2026-09-14T08:41:53.063318500Z[0m [INFO] STAGE1-001.STAGE1-SPREAD-WATCH: ⠀⠀⠀⡇⠀⠀⠀⠀⠀⠀⠀⢀⡖⠋⣠⢴⢪⠞⣩⢟⡭⠵⢤⣤⣀⠀⠀⠀⠀⠀⠀⠀⠀⠀[0m
[1m2026-09-14T08:41:53.063318700Z[0m [INFO] STAGE1-001.STAGE1-SPREAD-WATCH: ⠀⠀⣦⡙⠦⣄⡀⠀⢀⣠⠴⠋⢠⡐⣇⢸⡘⢦⡇⣏⡴⣋⡭⠖⠮⢥⡀⠀⠀⠀⠀⠀⠀⠀[0m
[1m2026-09-14T08:41:53.063318900Z[0m [INFO] STAGE1-001.STAGE1-SPREAD-WATCH: ⠀⠀⢸⡉⠓⠦⠭⠭⠭⠴⣺⠃⠸⣷⢬⣓⣛⠒⠩⣌⢡⡷⢒⣫⠭⣝⡛⠆⠀⠀⠀⠀⠀⠀[0m
[1m2026-09-14T08:41:53.063319100Z[0m [INFO] STAGE1-001.STAGE1-SPREAD-WATCH: ⠀⠀⠀⠙⠦⢤⣀⣠⠤⠞⣡⠞⡆⠺⣭⣭⡷⢇⣷⡻⠡⠾⣛⣒⠦⢤⡙⡆⠀⠀⠀⠀⠀⠀[0m
[1m2026-09-14T08:41:53.063319300Z[0m [INFO] STAGE1-001.STAGE1-SPREAD-WATCH: ⠀⠀⠀⠈⠳⣖⠒⠒⠒⠋⠁⣠⠇⡼⢦⠀⣌⡉⢥⣄⣛⡻⢥⡈⠉⢳⡙⠇⠀⠀⠀⠀⠀⠀[0m
[1m2026-09-14T08:41:53.063319600Z[0m [INFO] STAGE1-001.STAGE1-SPREAD-WATCH: ⠀⠀⠀⠀⠀⠈⠙⣒⣒⣒⣋⡥⠞⠁⣸⠃⡇⠙⢦⢹⠀⠙⡆⢳⢀⡴⠃⠀⠀⠀⠀⠀⠀⠀[0m
[1m2026-09-14T08:41:53.063319800Z[0m [INFO] STAGE1-001.STAGE1-SPREAD-WATCH: ⠀⠀⠀⠀⠀⠀⠀⠈⠙⠒⠦⠤⠴⣚⣡⠞⠁⣠⠏⡼⢀⣠⠇⠞⠋⠀⠀⠀⠀⠀⠀⠀⠀⠀[0m
[1m2026-09-14T08:41:53.063320000Z[0m [INFO] STAGE1-001.STAGE1-SPREAD-WATCH: ⠀⠀⠀⠀⠀⠀⠀⠀⠀⠀⠀⠀⠉⠉⠉⠉⠉⠑⠚⠋⠉⠀⠀⠀⠀⠀⠀⠀⠀⠀⠀⠀⠀⠀[0m
[1m2026-09-14T08:41:53.063320200Z[0m [36m[INFO] STAGE1-001.STAGE1-SPREAD-WATCH: =================================================================[0m
[1m2026-09-14T08:41:53.063320500Z[0m [36m[INFO] STAGE1-001.STAGE1-SPREAD-WATCH:  SYSTEM SPECIFICATION[0m
[1m2026-09-14T08:41:53.063320800Z[0m [36m[INFO] STAGE1-001.STAGE1-SPREAD-WATCH: =================================================================[0m
[1m2026-09-14T08:41:53.063322900Z[0m [INFO] STAGE1-001.STAGE1-SPREAD-WATCH: CPU architecture: AMD Ryzen 9 9950X 16-Core Processor            [0m
[1m2026-09-14T08:41:53.063324500Z[0m [INFO] STAGE1-001.STAGE1-SPREAD-WATCH: CPU(s): 32 @ 4300 MHz[0m
[1m2026-09-14T08:41:53.063325200Z[0m [INFO] STAGE1-001.STAGE1-SPREAD-WATCH: OS: kernel-26200 Windows 11 Pro[0m
[1m2026-09-14T08:41:53.063364100Z[0m [36m[INFO] STAGE1-001.STAGE1-SPREAD-WATCH: =================================================================[0m
[1m2026-09-14T08:41:53.063364500Z[0m [36m[INFO] STAGE1-001.STAGE1-SPREAD-WATCH:  MEMORY USAGE[0m
[1m2026-09-14T08:41:53.063364700Z[0m [36m[INFO] STAGE1-001.STAGE1-SPREAD-WATCH: =================================================================[0m
[1m2026-09-14T08:41:53.063368100Z[0m [INFO] STAGE1-001.STAGE1-SPREAD-WATCH: RAM-Total: 93.65 GiB[0m
[1m2026-09-14T08:41:53.063368700Z[0m [INFO] STAGE1-001.STAGE1-SPREAD-WATCH: RAM-Used: 25.66 GiB (27.40%)[0m
[1m2026-09-14T08:41:53.063369300Z[0m [INFO] STAGE1-001.STAGE1-SPREAD-WATCH: RAM-Avail: 67.99 GiB (72.60%)[0m
[1m2026-09-14T08:41:53.063375300Z[0m [INFO] STAGE1-001.STAGE1-SPREAD-WATCH: Swap-Total: 6.00 GiB[0m
[1m2026-09-14T08:41:53.063376400Z[0m [INFO] STAGE1-001.STAGE1-SPREAD-WATCH: Swap-Used: 0.00 GiB (0.00%)[0m
[1m2026-09-14T08:41:53.063377200Z[0m [INFO] STAGE1-001.STAGE1-SPREAD-WATCH: Swap-Avail: 6.00 GiB (100.00%)[0m
[1m2026-09-14T08:41:53.063379600Z[0m [36m[INFO] STAGE1-001.STAGE1-SPREAD-WATCH: =================================================================[0m
[1m2026-09-14T08:41:53.063379900Z[0m [36m[INFO] STAGE1-001.STAGE1-SPREAD-WATCH:  IDENTIFIERS[0m
[1m2026-09-14T08:41:53.063380100Z[0m [36m[INFO] STAGE1-001.STAGE1-SPREAD-WATCH: =================================================================[0m
[1m2026-09-14T08:41:53.063382000Z[0m [INFO] STAGE1-001.STAGE1-SPREAD-WATCH: trader_id: STAGE1-001[0m
[1m2026-09-14T08:41:53.063382400Z[0m [INFO] STAGE1-001.STAGE1-SPREAD-WATCH: machine_id: 主力机器[0m
[1m2026-09-14T08:41:53.063385300Z[0m [INFO] STAGE1-001.STAGE1-SPREAD-WATCH: instance_id: e167b02a-60f2-40cc-a005-d7148c1e2c63[0m
[1m2026-09-14T08:41:53.063385900Z[0m [INFO] STAGE1-001.STAGE1-SPREAD-WATCH: PID: 12080[0m
[1m2026-09-14T08:41:53.063386100Z[0m [36m[INFO] STAGE1-001.STAGE1-SPREAD-WATCH: =================================================================[0m
[1m2026-09-14T08:41:53.063386400Z[0m [36m[INFO] STAGE1-001.STAGE1-SPREAD-WATCH:  VERSIONING[0m
[1m2026-09-14T08:41:53.063386700Z[0m [36m[INFO] STAGE1-001.STAGE1-SPREAD-WATCH: =================================================================[0m
[1m2026-09-14T08:41:53.063408200Z[0m [INFO] STAGE1-001.STAGE1-SPREAD-WATCH: nautilus_trader: 2.0.0rc4[0m
[1m2026-09-14T08:41:53.063408700Z[0m [INFO] STAGE1-001.STAGE1-SPREAD-WATCH: nautilus_core: 0.63.0[0m
[1m2026-09-14T08:41:53.063416200Z[0m [INFO] STAGE1-001.STAGE1-SPREAD-WATCH: python: 3.12.9[0m
[1m2026-09-14T08:41:53.063438400Z[0m [INFO] STAGE1-001.STAGE1-SPREAD-WATCH: git_commit: 047d494e3c26[0m
[1m2026-09-14T08:41:53.063438900Z[0m [INFO] STAGE1-001.STAGE1-SPREAD-WATCH: rustc: 1.98.0 (88d9e12ae 2026-08-18)[0m
[1m2026-09-14T08:41:53.063439300Z[0m [INFO] STAGE1-001.STAGE1-SPREAD-WATCH: target: x86_64-pc-windows-msvc[0m
[1m2026-09-14T08:41:53.063440800Z[0m [INFO] STAGE1-001.STAGE1-SPREAD-WATCH: profile: debug[0m
[1m2026-09-14T08:41:53.063441100Z[0m [INFO] STAGE1-001.STAGE1-SPREAD-WATCH: panic: unwind[0m
[1m2026-09-14T08:41:53.063441400Z[0m [INFO] STAGE1-001.STAGE1-SPREAD-WATCH: precision: high (128-bit, 16 dp)[0m
[1m2026-09-14T08:41:53.063441700Z[0m [INFO] STAGE1-001.STAGE1-SPREAD-WATCH: allocator: mimalloc 0.1.52[0m
[1m2026-09-14T08:41:53.063442000Z[0m [INFO] STAGE1-001.STAGE1-SPREAD-WATCH: cargo_lock: f389d3c3[0m
[1m2026-09-14T08:41:53.063442300Z[0m [INFO] STAGE1-001.STAGE1-SPREAD-WATCH: rust_decimal: 1.42.1[0m
[1m2026-09-14T08:41:53.063454800Z[0m [INFO] STAGE1-001.STAGE1-SPREAD-WATCH: rustls: 0.23.43[0m
[1m2026-09-14T08:41:53.063455300Z[0m [INFO] STAGE1-001.STAGE1-SPREAD-WATCH: aws_lc_rs: 1.18.0[0m
[1m2026-09-14T08:41:53.063455700Z[0m [INFO] STAGE1-001.STAGE1-SPREAD-WATCH: tokio: 1.53.1[0m
[1m2026-09-14T08:41:53.063456500Z[0m [INFO] STAGE1-001.STAGE1-SPREAD-WATCH: pyo3: 0.29.2[0m
[1m2026-09-14T08:41:53.063456900Z[0m [INFO] STAGE1-001.STAGE1-SPREAD-WATCH: pyo3_async_runtimes: 0.29.0[0m
[1m2026-09-14T08:41:53.107987700Z[0m [INFO] STAGE1-001.STAGE1-SPREAD-WATCH: numpy: 2.5.2[0m
[1m2026-09-14T08:41:53.329486200Z[0m [INFO] STAGE1-001.STAGE1-SPREAD-WATCH: pandas: 3.0.5[0m
[1m2026-09-14T08:41:53.333867000Z[0m [INFO] STAGE1-001.STAGE1-SPREAD-WATCH: msgspec: 0.21.1[0m
[1m2026-09-14T08:41:53.333884800Z[0m [INFO] STAGE1-001.STAGE1-SPREAD-WATCH: pyarrow: 25.0.1[0m
[1m2026-09-14T08:41:53.333887300Z[0m [INFO] STAGE1-001.STAGE1-SPREAD-WATCH: pytz: 2026.3.post1[0m
[1m2026-09-14T08:41:53.333994100Z[0m [36m[INFO] STAGE1-001.STAGE1-SPREAD-WATCH: =================================================================[0m
[1m2026-09-14T08:41:53.334040700Z[0m [INFO] STAGE1-001.nautilus_system::kernel: Building system kernel[0m
[1m2026-09-14T08:41:53.335390200Z[0m [INFO] STAGE1-001.nautilus_live::node::builder: Registered DataClient-HYPERLIQUID[0m
[1m2026-09-14T08:41:53.335671600Z[0m [INFO] STAGE1-001.nautilus_live::node::builder: Registered DataClient-ASTER[0m
[1m2026-09-14T08:41:53.335734800Z[0m [INFO] STAGE1-001.nautilus_live::node::builder: Built successfully[0m
[1m2026-09-14T08:41:53.336125000Z[0m [INFO] STAGE1-001.SPREAD-WATCH-SNDK: Ready[0m
[1m2026-09-14T08:41:53.336218100Z[0m [INFO] STAGE1-001.nautilus_system::python::registration: Registered Python strategy SPREAD-WATCH-SNDK with trader STAGE1-001[0m
[1m2026-09-14T08:41:53.336222300Z[0m [INFO] STAGE1-001.nautilus_live::python::node: Registered Python strategy SPREAD-WATCH-SNDK[0m
[1m2026-09-14T08:41:53.336305900Z[0m [INFO] STAGE1-001.SPREAD-WATCH-GPRO: Ready[0m
[1m2026-09-14T08:41:53.336324900Z[0m [INFO] STAGE1-001.nautilus_system::python::registration: Registered Python strategy SPREAD-WATCH-GPRO with trader STAGE1-001[0m
[1m2026-09-14T08:41:53.336327400Z[0m [INFO] STAGE1-001.nautilus_live::python::node: Registered Python strategy SPREAD-WATCH-GPRO[0m
[1m2026-09-14T08:41:53.337670900Z[0m [INFO] STAGE1-001.nautilus_live::node: Event loop starting[0m
[1m2026-09-14T08:41:53.337688700Z[0m [INFO] STAGE1-001.nautilus_system::kernel: Starting[0m
[1m2026-09-14T08:41:53.337710800Z[0m [INFO] STAGE1-001.nautilus_hyperliquid::data: Starting Hyperliquid data client: client_id=HYPERLIQUID, environment=Mainnet, proxy_url=None[0m
[1m2026-09-14T08:41:53.337717900Z[0m [INFO] STAGE1-001.nautilus_binance::futures::data: Started: client_id=ASTER, product_type=UsdM, environment=Live[0m
[1m2026-09-14T08:41:53.337758700Z[0m [INFO] STAGE1-001.nautilus_execution::engine: Started[0m
[1m2026-09-14T08:41:53.337761900Z[0m [INFO] STAGE1-001.nautilus_risk::engine: Started[0m
[1m2026-09-14T08:41:53.337762700Z[0m [INFO] STAGE1-001.nautilus_system::kernel: Initializing trader[0m
[1m2026-09-14T08:41:53.337765800Z[0m [INFO] STAGE1-001.nautilus_system::kernel: Started[0m
[1m2026-09-14T08:41:53.337786400Z[0m [INFO] STAGE1-001.nautilus_system::kernel: Connecting data clients...[0m
[1m2026-09-14T08:41:55.495866700Z[0m [1;33m[WARN] STAGE1-001.nautilus_binance::futures::http::client: Skipping Binance Futures instrument MBLUSDT: Unsupported USD-M contract type '' for symbol 'MBLUSDT'[0m
[1m2026-09-14T08:41:55.496080400Z[0m [1;33m[WARN] STAGE1-001.nautilus_binance::futures::http::client: Skipping Binance Futures instrument TONUSDT: Symbol 'TONUSDT' is not trading (status: Settling)[0m
[1m2026-09-14T08:41:55.496216500Z[0m [1;33m[WARN] STAGE1-001.nautilus_binance::futures::http::client: Skipping Binance Futures instrument AFEEUSDT: Unsupported USD-M contract type '' for symbol 'AFEEUSDT'[0m
[1m2026-09-14T08:41:55.497270100Z[0m [1;33m[WARN] STAGE1-001.nautilus_binance::futures::http::client: Skipping Binance Futures instrument IRUSDT: Symbol 'IRUSDT' is not trading (status: Settling)[0m
[1m2026-09-14T08:41:55.497559500Z[0m [1;33m[WARN] STAGE1-001.nautilus_binance::futures::http::client: Skipping Binance Futures instrument IPUSDT: Symbol 'IPUSDT' is not trading (status: Settling)[0m
[1m2026-09-14T08:41:55.498234900Z[0m [1;33m[WARN] STAGE1-001.nautilus_binance::futures::http::client: Skipping Binance Futures instrument ACXUSDT: Symbol 'ACXUSDT' is not trading (status: Settling)[0m
[1m2026-09-14T08:41:55.498273900Z[0m [1;33m[WARN] STAGE1-001.nautilus_binance::futures::http::client: Skipping Binance Futures instrument COSUSDT: Symbol 'COSUSDT' is not trading (status: Settling)[0m
[1m2026-09-14T08:41:55.498426000Z[0m [1;33m[WARN] STAGE1-001.nautilus_binance::futures::http::client: Skipping Binance Futures instrument DUSDT: Symbol 'DUSDT' is not trading (status: Settling)[0m
[1m2026-09-14T08:41:55.498491100Z[0m [1;33m[WARN] STAGE1-001.nautilus_binance::futures::http::client: Skipping Binance Futures instrument PDDUSDT: Symbol 'PDDUSDT' is not trading (status: Settling)[0m
[1m2026-09-14T08:41:55.498546100Z[0m [1;33m[WARN] STAGE1-001.nautilus_binance::futures::http::client: Skipping Binance Futures instrument BIRDUSDT: Symbol 'BIRDUSDT' is not trading (status: Settling)[0m
[1m2026-09-14T08:41:55.498560000Z[0m [1;33m[WARN] STAGE1-001.nautilus_binance::futures::http::client: Skipping Binance Futures instrument 1000SATSUSDT: Symbol '1000SATSUSDT' is not trading (status: Settling)[0m
[1m2026-09-14T08:41:55.498597100Z[0m [1;33m[WARN] STAGE1-001.nautilus_binance::futures::http::client: Skipping Binance Futures instrument HIGHUSDT: Symbol 'HIGHUSDT' is not trading (status: Settling)[0m
[1m2026-09-14T08:41:55.498651500Z[0m [1;33m[WARN] STAGE1-001.nautilus_binance::futures::http::client: Skipping Binance Futures instrument CARUSDT: Symbol 'CARUSDT' is not trading (status: Settling)[0m
[1m2026-09-14T08:41:55.498657900Z[0m [1;33m[WARN] STAGE1-001.nautilus_binance::futures::http::client: Skipping Binance Futures instrument 1000WOJAKUSDT: Symbol '1000WOJAKUSDT' is not trading (status: Settling)[0m
[1m2026-09-14T08:41:55.498934600Z[0m [1;33m[WARN] STAGE1-001.nautilus_binance::futures::http::client: Skipping Binance Futures instrument STORJUSDT: Symbol 'STORJUSDT' is not trading (status: Settling)[0m
[1m2026-09-14T08:41:55.498966900Z[0m [1;33m[WARN] STAGE1-001.nautilus_binance::futures::http::client: Skipping Binance Futures instrument PHAROSUSDT: Unsupported USD-M contract type '' for symbol 'PHAROSUSDT'[0m
[1m2026-09-14T08:41:55.499230900Z[0m [1;33m[WARN] STAGE1-001.nautilus_binance::futures::http::client: Skipping Binance Futures instrument RAILUSDT: Symbol 'RAILUSDT' is not trading (status: Settling)[0m
[1m2026-09-14T08:41:55.499294200Z[0m [1;33m[WARN] STAGE1-001.nautilus_binance::futures::http::client: Skipping Binance Futures instrument SKHXUSDT: Unsupported USD-M contract type '' for symbol 'SKHXUSDT'[0m
[1m2026-09-14T08:41:55.499300900Z[0m [1;33m[WARN] STAGE1-001.nautilus_binance::futures::http::client: Skipping Binance Futures instrument SMSNUSDT: Unsupported USD-M contract type '' for symbol 'SMSNUSDT'[0m
[1m2026-09-14T08:41:55.499935000Z[0m [1;33m[WARN] STAGE1-001.nautilus_binance::futures::http::client: Skipping Binance Futures instrument VANRYUSDT: Symbol 'VANRYUSDT' is not trading (status: Settling)[0m
[1m2026-09-14T08:41:55.782982300Z[0m [INFO] STAGE1-001.nautilus_binance::futures::data: Connecting to Binance Futures market WebSocket...[0m
[1m2026-09-14T08:41:55.887600900Z[0m [INFO] STAGE1-001.nautilus_hyperliquid::data: Connected: client_id=HYPERLIQUID[0m
[1m2026-09-14T08:41:56.156648900Z[0m [INFO] STAGE1-001.nautilus_binance::futures::data: Binance Futures market WebSocket connected[0m
[1m2026-09-14T08:41:56.156669600Z[0m [INFO] STAGE1-001.nautilus_binance::futures::data: Connecting to Binance Futures public WebSocket...[0m
[1m2026-09-14T08:41:56.505944700Z[0m [INFO] STAGE1-001.nautilus_binance::futures::data: Binance Futures public WebSocket connected[0m
[1m2026-09-14T08:41:56.506051800Z[0m [INFO] STAGE1-001.nautilus_binance::futures::data: Connected: client_id=ASTER[0m
[1m2026-09-14T08:41:56.514017000Z[0m [INFO] STAGE1-001.nautilus_system::kernel: Connecting execution clients...[0m
[1m2026-09-14T08:41:56.514057800Z[0m [INFO] STAGE1-001.nautilus_live::node: Awaiting engine connections (60s timeout)...[0m
[1m2026-09-14T08:41:56.514083200Z[0m [INFO] STAGE1-001.nautilus_live::node: All engine clients connected[0m
[1m2026-09-14T08:41:56.514105900Z[0m [94m[INFO] STAGE1-001.nautilus_live::node: Starting execution state reconciliation...[0m
[1m2026-09-14T08:41:56.514149100Z[0m [INFO] STAGE1-001.nautilus_portfolio::portfolio: Initialized 0 open orders[0m
[1m2026-09-14T08:41:56.514172500Z[0m [INFO] STAGE1-001.nautilus_portfolio::portfolio: Initialized 0 open positions[0m
[1m2026-09-14T08:41:56.514189200Z[0m [INFO] STAGE1-001.nautilus_portfolio::portfolio: Initialized 0 Wallet reservations[0m
[1m2026-09-14T08:41:56.514192200Z[0m [94m[INFO] STAGE1-001.nautilus_live::node: Startup reconciliation completed in 0.00s[0m
[1m2026-09-14T08:41:56.514195100Z[0m [INFO] STAGE1-001.nautilus_system::kernel: Starting trader...[0m
[1m2026-09-14T08:41:56.514209700Z[0m [INFO] STAGE1-001.nautilus_execution::order_emulator::emulator: Started[0m
[1m2026-09-14T08:41:56.514218600Z[0m [INFO] STAGE1-001.nautilus_system::trader: Starting[0m
[1m2026-09-14T08:41:56.514237700Z[0m [INFO] STAGE1-001.SPREAD-WATCH-SNDK: Starting[0m
[1m2026-09-14T08:41:56.514243100Z[0m [INFO] STAGE1-001.nautilus_trading::strategy: Starting SPREAD-WATCH-SNDK[0m
[1m2026-09-14T08:41:56.514596400Z[0m [94m[INFO] STAGE1-001.SPREAD-WATCH-SNDK: [SNDK/HL] HYPERLIQUID instruments loaded: 1290[0m
[1m2026-09-14T08:41:56.514644100Z[0m [92m[INFO] STAGE1-001.SPREAD-WATCH-SNDK: [SNDK/HL] instrument OK: xyz:SNDK-USD-PERP.HYPERLIQUID[0m
[1m2026-09-14T08:41:56.514878100Z[0m [94m[INFO] STAGE1-001.SPREAD-WATCH-SNDK: [SNDK/ENTROPY] HYPERLIQUID instruments loaded: 1290[0m
[1m2026-09-14T08:41:56.514886500Z[0m [92m[INFO] STAGE1-001.SPREAD-WATCH-SNDK: [SNDK/ENTROPY] instrument OK: io:SNDK-USD-PERP.HYPERLIQUID[0m
[1m2026-09-14T08:41:56.515025400Z[0m [94m[INFO] STAGE1-001.SPREAD-WATCH-SNDK: [SNDK/ASTER] ASTER instruments loaded: 574[0m
[1m2026-09-14T08:41:56.515031100Z[0m [92m[INFO] STAGE1-001.SPREAD-WATCH-SNDK: [SNDK/ASTER] instrument OK: SNDKUSD1-PERP.ASTER[0m
[1m2026-09-14T08:41:56.516167000Z[0m [INFO] STAGE1-001.nautilus_common::actor::data_actor: [CMD]--> Subscribe(Quotes(SubscribeQuotes { instrument_id: "xyz:SNDK-USD-PERP.HYPERLIQUID", client_id: Some("HYPERLIQUID"), venue: Some("HYPERLIQUID"), command_id: UUID4(5b8fece7-9b28-4449-93bd-41698211d20c), ts_init: UnixNanos(1789375316516165200), correlation_id: None, params: None }))[0m
[1m2026-09-14T08:41:56.516232200Z[0m [INFO] STAGE1-001.nautilus_common::actor::data_actor: [CMD]--> Subscribe(FundingRates(SubscribeFundingRates { instrument_id: "xyz:SNDK-USD-PERP.HYPERLIQUID", client_id: Some("HYPERLIQUID"), venue: Some("HYPERLIQUID"), command_id: UUID4(c321d3f5-f625-4742-96fc-95ef98fc7328), ts_init: UnixNanos(1789375316516232000), correlation_id: None, params: None }))[0m
[1m2026-09-14T08:41:56.516248600Z[0m [INFO] STAGE1-001.nautilus_common::actor::data_actor: [CMD]--> Subscribe(Trades(SubscribeTrades { instrument_id: "xyz:SNDK-USD-PERP.HYPERLIQUID", client_id: Some("HYPERLIQUID"), venue: Some("HYPERLIQUID"), command_id: UUID4(f1d46594-5eda-462e-a9cf-5eb80a4fecea), ts_init: UnixNanos(1789375316516248500), correlation_id: None, params: None }))[0m
[1m2026-09-14T08:41:56.516284500Z[0m [INFO] STAGE1-001.nautilus_common::actor::data_actor: [CMD]--> Subscribe(BookDeltas(SubscribeBookDeltas { instrument_id: "xyz:SNDK-USD-PERP.HYPERLIQUID", book_type: L2_MBP, client_id: Some("HYPERLIQUID"), venue: Some("HYPERLIQUID"), command_id: UUID4(6537aa62-a186-43cc-9dde-cec9e6186e70), ts_init: UnixNanos(1789375316516284300), depth: None, managed: true, correlation_id: None, params: None }))[0m
[1m2026-09-14T08:41:56.516310000Z[0m [92m[INFO] STAGE1-001.SPREAD-WATCH-SNDK: [SNDK/HL] subscribed quotes+funding+trades+deltas(managed) xyz:SNDK-USD-PERP.HYPERLIQUID[0m
[1m2026-09-14T08:41:56.516322300Z[0m [INFO] STAGE1-001.nautilus_common::actor::data_actor: [CMD]--> Subscribe(Quotes(SubscribeQuotes { instrument_id: "io:SNDK-USD-PERP.HYPERLIQUID", client_id: Some("HYPERLIQUID"), venue: Some("HYPERLIQUID"), command_id: UUID4(c5cf705f-7eb5-469d-acf1-22636714fa77), ts_init: UnixNanos(1789375316516322100), correlation_id: None, params: None }))[0m
[1m2026-09-14T08:41:56.516331600Z[0m [INFO] STAGE1-001.nautilus_common::actor::data_actor: [CMD]--> Subscribe(FundingRates(SubscribeFundingRates { instrument_id: "io:SNDK-USD-PERP.HYPERLIQUID", client_id: Some("HYPERLIQUID"), venue: Some("HYPERLIQUID"), command_id: UUID4(65df31c2-c565-4eaa-b9aa-1c3b71cb0bfa), ts_init: UnixNanos(1789375316516331500), correlation_id: None, params: None }))[0m
[1m2026-09-14T08:41:56.516338600Z[0m [INFO] STAGE1-001.nautilus_common::actor::data_actor: [CMD]--> Subscribe(Trades(SubscribeTrades { instrument_id: "io:SNDK-USD-PERP.HYPERLIQUID", client_id: Some("HYPERLIQUID"), venue: Some("HYPERLIQUID"), command_id: UUID4(1b3f4a80-7639-46cb-ba6e-b456e4866c0b), ts_init: UnixNanos(1789375316516338500), correlation_id: None, params: None }))[0m
[1m2026-09-14T08:41:56.516347700Z[0m [INFO] STAGE1-001.nautilus_common::actor::data_actor: [CMD]--> Subscribe(BookDeltas(SubscribeBookDeltas { instrument_id: "io:SNDK-USD-PERP.HYPERLIQUID", book_type: L2_MBP, client_id: Some("HYPERLIQUID"), venue: Some("HYPERLIQUID"), command_id: UUID4(c49bed77-ffbb-44f2-974f-c72579b4308e), ts_init: UnixNanos(1789375316516347600), depth: None, managed: true, correlation_id: None, params: None }))[0m
[1m2026-09-14T08:41:56.516352500Z[0m [92m[INFO] STAGE1-001.SPREAD-WATCH-SNDK: [SNDK/ENTROPY] subscribed quotes+funding+trades+deltas(managed) io:SNDK-USD-PERP.HYPERLIQUID[0m
[1m2026-09-14T08:41:56.516356400Z[0m [INFO] STAGE1-001.nautilus_common::actor::data_actor: [CMD]--> Subscribe(Quotes(SubscribeQuotes { instrument_id: "SNDKUSD1-PERP.ASTER", client_id: Some("ASTER"), venue: Some("ASTER"), command_id: UUID4(ec51e0dc-a549-4efe-8444-5c78b1aab26f), ts_init: UnixNanos(1789375316516356300), correlation_id: None, params: None }))[0m
[1m2026-09-14T08:41:56.516361600Z[0m [INFO] STAGE1-001.nautilus_common::actor::data_actor: [CMD]--> Subscribe(FundingRates(SubscribeFundingRates { instrument_id: "SNDKUSD1-PERP.ASTER", client_id: Some("ASTER"), venue: Some("ASTER"), command_id: UUID4(513247fc-6e8d-4a28-b7f2-eb477ef47c78), ts_init: UnixNanos(1789375316516361500), correlation_id: None, params: None }))[0m
[1m2026-09-14T08:41:56.516366900Z[0m [INFO] STAGE1-001.nautilus_common::actor::data_actor: [CMD]--> Subscribe(Trades(SubscribeTrades { instrument_id: "SNDKUSD1-PERP.ASTER", client_id: Some("ASTER"), venue: Some("ASTER"), command_id: UUID4(afc6c640-bc37-4e34-a45d-02d3273cf02f), ts_init: UnixNanos(1789375316516366800), correlation_id: None, params: None }))[0m
[1m2026-09-14T08:41:56.516372000Z[0m [INFO] STAGE1-001.nautilus_common::actor::data_actor: [CMD]--> Subscribe(BookDeltas(SubscribeBookDeltas { instrument_id: "SNDKUSD1-PERP.ASTER", book_type: L2_MBP, client_id: Some("ASTER"), venue: Some("ASTER"), command_id: UUID4(64552f80-fa29-43e0-8a03-d4a5e1136418), ts_init: UnixNanos(1789375316516371900), depth: None, managed: true, correlation_id: None, params: None }))[0m
[1m2026-09-14T08:41:56.516375900Z[0m [92m[INFO] STAGE1-001.SPREAD-WATCH-SNDK: [SNDK/ASTER] subscribed quotes+funding+trades+deltas(managed) SNDKUSD1-PERP.ASTER[0m
[1m2026-09-14T08:41:56.516561900Z[0m [INFO] STAGE1-001.SPREAD-WATCH-SNDK: Running[0m
[1m2026-09-14T08:41:56.516574100Z[0m [INFO] STAGE1-001.SPREAD-WATCH-GPRO: Starting[0m
[1m2026-09-14T08:41:56.516576000Z[0m [INFO] STAGE1-001.nautilus_trading::strategy: Starting SPREAD-WATCH-GPRO[0m
[1m2026-09-14T08:41:56.516740900Z[0m [94m[INFO] STAGE1-001.SPREAD-WATCH-GPRO: [GPRO/ENTROPY] HYPERLIQUID instruments loaded: 1290[0m
[1m2026-09-14T08:41:56.516752900Z[0m [92m[INFO] STAGE1-001.SPREAD-WATCH-GPRO: [GPRO/ENTROPY] instrument OK: io:GPRO-USD-PERP.HYPERLIQUID[0m
[1m2026-09-14T08:41:56.516900400Z[0m [94m[INFO] STAGE1-001.SPREAD-WATCH-GPRO: [GPRO/ASTER] ASTER instruments loaded: 574[0m
[1m2026-09-14T08:41:56.516906300Z[0m [92m[INFO] STAGE1-001.SPREAD-WATCH-GPRO: [GPRO/ASTER] instrument OK: GPROUSD1-PERP.ASTER[0m
[1m2026-09-14T08:41:56.517453400Z[0m [INFO] STAGE1-001.nautilus_common::actor::data_actor: [CMD]--> Subscribe(Quotes(SubscribeQuotes { instrument_id: "io:GPRO-USD-PERP.HYPERLIQUID", client_id: Some("HYPERLIQUID"), venue: Some("HYPERLIQUID"), command_id: UUID4(81a0b929-12ab-47b1-83c0-fbc2fc31278b), ts_init: UnixNanos(1789375316517452900), correlation_id: None, params: None }))[0m
[1m2026-09-14T08:41:56.517481800Z[0m [INFO] STAGE1-001.nautilus_common::actor::data_actor: [CMD]--> Subscribe(FundingRates(SubscribeFundingRates { instrument_id: "io:GPRO-USD-PERP.HYPERLIQUID", client_id: Some("HYPERLIQUID"), venue: Some("HYPERLIQUID"), command_id: UUID4(197afdd0-4da6-474a-b7bd-7700127abd3f), ts_init: UnixNanos(1789375316517481500), correlation_id: None, params: None }))[0m
[1m2026-09-14T08:41:56.517493800Z[0m [INFO] STAGE1-001.nautilus_common::actor::data_actor: [CMD]--> Subscribe(Trades(SubscribeTrades { instrument_id: "io:GPRO-USD-PERP.HYPERLIQUID", client_id: Some("HYPERLIQUID"), venue: Some("HYPERLIQUID"), command_id: UUID4(dd31e62a-ce8b-407c-bc27-fe1a33567ffc), ts_init: UnixNanos(1789375316517493600), correlation_id: None, params: None }))[0m
[1m2026-09-14T08:41:56.517510700Z[0m [INFO] STAGE1-001.nautilus_common::actor::data_actor: [CMD]--> Subscribe(BookDeltas(SubscribeBookDeltas { instrument_id: "io:GPRO-USD-PERP.HYPERLIQUID", book_type: L2_MBP, client_id: Some("HYPERLIQUID"), venue: Some("HYPERLIQUID"), command_id: UUID4(5c150bcb-ec96-4038-b3bd-f17f9cb46c63), ts_init: UnixNanos(1789375316517510500), depth: None, managed: true, correlation_id: None, params: None }))[0m
[1m2026-09-14T08:41:56.517523900Z[0m [92m[INFO] STAGE1-001.SPREAD-WATCH-GPRO: [GPRO/ENTROPY] subscribed quotes+funding+trades+deltas(managed) io:GPRO-USD-PERP.HYPERLIQUID[0m
[1m2026-09-14T08:41:56.517532200Z[0m [INFO] STAGE1-001.nautilus_common::actor::data_actor: [CMD]--> Subscribe(Quotes(SubscribeQuotes { instrument_id: "GPROUSD1-PERP.ASTER", client_id: Some("ASTER"), venue: Some("ASTER"), command_id: UUID4(864a7ead-2430-4a36-9c9c-7d1341a7c295), ts_init: UnixNanos(1789375316517532100), correlation_id: None, params: None }))[0m
[1m2026-09-14T08:41:56.517539000Z[0m [INFO] STAGE1-001.nautilus_common::actor::data_actor: [CMD]--> Subscribe(FundingRates(SubscribeFundingRates { instrument_id: "GPROUSD1-PERP.ASTER", client_id: Some("ASTER"), venue: Some("ASTER"), command_id: UUID4(0826b32c-d2f6-4956-a110-9f65ed4f0dbf), ts_init: UnixNanos(1789375316517538900), correlation_id: None, params: None }))[0m
[1m2026-09-14T08:41:56.517546000Z[0m [INFO] STAGE1-001.nautilus_common::actor::data_actor: [CMD]--> Subscribe(Trades(SubscribeTrades { instrument_id: "GPROUSD1-PERP.ASTER", client_id: Some("ASTER"), venue: Some("ASTER"), command_id: UUID4(388e3b0e-1a70-4fe9-8bb8-39aa20cdcfc3), ts_init: UnixNanos(1789375316517545900), correlation_id: None, params: None }))[0m
[1m2026-09-14T08:41:56.517552000Z[0m [INFO] STAGE1-001.nautilus_common::actor::data_actor: [CMD]--> Subscribe(BookDeltas(SubscribeBookDeltas { instrument_id: "GPROUSD1-PERP.ASTER", book_type: L2_MBP, client_id: Some("ASTER"), venue: Some("ASTER"), command_id: UUID4(91f57b50-282b-4994-ad10-a45b2a3dd5c2), ts_init: UnixNanos(1789375316517551900), depth: None, managed: true, correlation_id: None, params: None }))[0m
[1m2026-09-14T08:41:56.517557200Z[0m [92m[INFO] STAGE1-001.SPREAD-WATCH-GPRO: [GPRO/ASTER] subscribed quotes+funding+trades+deltas(managed) GPROUSD1-PERP.ASTER[0m
[1m2026-09-14T08:41:56.517645500Z[0m [INFO] STAGE1-001.SPREAD-WATCH-GPRO: Running[0m
[1m2026-09-14T08:41:56.517653300Z[0m [INFO] STAGE1-001.nautilus_system::trader: Running[0m
[1m2026-09-14T08:41:56.517654700Z[0m [INFO] STAGE1-001.nautilus_system::kernel: Trader started[0m
[1m2026-09-14T08:41:56.517787500Z[0m [94m[INFO] STAGE1-001.nautilus_data::client: Subscribed xyz:SNDK-USD-PERP.HYPERLIQUID quotes[0m
[1m2026-09-14T08:41:56.517855000Z[0m [94m[INFO] STAGE1-001.nautilus_data::client: Subscribed xyz:SNDK-USD-PERP.HYPERLIQUID funding rates[0m
[1m2026-09-14T08:41:56.517880400Z[0m [94m[INFO] STAGE1-001.nautilus_data::client: Subscribed xyz:SNDK-USD-PERP.HYPERLIQUID trades[0m
[1m2026-09-14T08:41:56.517935200Z[0m [94m[INFO] STAGE1-001.nautilus_data::client: Subscribed xyz:SNDK-USD-PERP.HYPERLIQUID order book deltas[0m
[1m2026-09-14T08:41:56.517956900Z[0m [94m[INFO] STAGE1-001.nautilus_data::client: Subscribed io:SNDK-USD-PERP.HYPERLIQUID quotes[0m
[1m2026-09-14T08:41:56.517965500Z[0m [94m[INFO] STAGE1-001.nautilus_data::client: Subscribed io:SNDK-USD-PERP.HYPERLIQUID funding rates[0m
[1m2026-09-14T08:41:56.517976100Z[0m [94m[INFO] STAGE1-001.nautilus_data::client: Subscribed io:SNDK-USD-PERP.HYPERLIQUID trades[0m
[1m2026-09-14T08:41:56.517990500Z[0m [94m[INFO] STAGE1-001.nautilus_data::client: Subscribed io:SNDK-USD-PERP.HYPERLIQUID order book deltas[0m
[1m2026-09-14T08:41:56.517998700Z[0m [94m[INFO] STAGE1-001.nautilus_data::client: Subscribed SNDKUSD1-PERP.ASTER quotes[0m
[1m2026-09-14T08:41:56.518113400Z[0m [94m[INFO] STAGE1-001.nautilus_data::client: Subscribed SNDKUSD1-PERP.ASTER funding rates[0m
[1m2026-09-14T08:41:56.518161200Z[0m [94m[INFO] STAGE1-001.nautilus_data::client: Subscribed SNDKUSD1-PERP.ASTER trades[0m
[1m2026-09-14T08:41:56.518191500Z[0m [94m[INFO] STAGE1-001.nautilus_data::client: Subscribed SNDKUSD1-PERP.ASTER order book deltas[0m
[1m2026-09-14T08:41:56.518273900Z[0m [94m[INFO] STAGE1-001.nautilus_data::client: Subscribed io:GPRO-USD-PERP.HYPERLIQUID quotes[0m
[1m2026-09-14T08:41:56.518285400Z[0m [94m[INFO] STAGE1-001.nautilus_data::client: Subscribed io:GPRO-USD-PERP.HYPERLIQUID funding rates[0m
[1m2026-09-14T08:41:56.518293900Z[0m [94m[INFO] STAGE1-001.nautilus_data::client: Subscribed io:GPRO-USD-PERP.HYPERLIQUID trades[0m
[1m2026-09-14T08:41:56.518312200Z[0m [94m[INFO] STAGE1-001.nautilus_data::client: Subscribed io:GPRO-USD-PERP.HYPERLIQUID order book deltas[0m
[1m2026-09-14T08:41:56.518322700Z[0m [94m[INFO] STAGE1-001.nautilus_data::client: Subscribed GPROUSD1-PERP.ASTER quotes[0m
[1m2026-09-14T08:41:56.518349700Z[0m [94m[INFO] STAGE1-001.nautilus_data::client: Subscribed GPROUSD1-PERP.ASTER funding rates[0m
[1m2026-09-14T08:41:56.518365700Z[0m [94m[INFO] STAGE1-001.nautilus_data::client: Subscribed GPROUSD1-PERP.ASTER trades[0m
[1m2026-09-14T08:41:56.518376100Z[0m [94m[INFO] STAGE1-001.nautilus_data::client: Subscribed GPROUSD1-PERP.ASTER order book deltas[0m
[1m2026-09-14T08:42:16.531626500Z[0m [INFO] STAGE1-001.nautilus_common::actor::data_actor: [CMD]--> Subscribe(BookDepth10(SubscribeBookDepth10 { instrument_id: "io:GPRO-USD-PERP.HYPERLIQUID", book_type: L2_MBP, client_id: Some("HYPERLIQUID"), venue: Some("HYPERLIQUID"), command_id: UUID4(c711b354-a3c0-48a5-a222-7c917337dc7e), ts_init: UnixNanos(1789375336531624400), depth: Some(10), managed: false, correlation_id: None, params: None }))[0m
[1m2026-09-14T08:42:16.531706200Z[0m [WARN] STAGE1-001.SPREAD-WATCH-GPRO: [GPRO/ENTROPY] no quotes in 20s -> subscribing depth10[0m
[1m2026-09-14T08:42:16.533425300Z[0m [94m[INFO] STAGE1-001.nautilus_data::client: Subscribed io:GPRO-USD-PERP.HYPERLIQUID order book depth[0m
[1m2026-09-14T08:42:26.533897300Z[0m [36m[INFO] STAGE1-001.SPREAD-WATCH-SNDK: STATUS [SNDK] HL=163(quotes/deltas-cache:6,trades=97) ENTROPY=90(quotes/deltas-cache:6,trades=58) ASTER=388(quotes/deltas-cache:295,trades=0) | samples=639 stale=20 | last gross HL>ENTROPY=-3.86 HL>ASTER=-14.21 ENTROPY>HL=2.57 ENTROPY>ASTER=-10.99 ASTER>HL=11.70 ASTER>ENTROPY=8.49 bps | net+ rows=920 (dirs 920) | depth rows=90 | trade rows=155[0m
[1m2026-09-14T08:42:26.533971400Z[0m [36m[INFO] STAGE1-001.SPREAD-WATCH-GPRO: STATUS [GPRO] ENTROPY=2(depth10/deltas-cache:8,trades=30) ASTER=36(quotes/deltas-cache:41,trades=2) | samples=1 stale=18 | last gross ENTROPY>ASTER=-19.52 ASTER>ENTROPY=-12.76 bps | net+ rows=0 (dirs 0) | depth rows=58 | trade rows=32[0m
[1m2026-09-14T08:42:56.531415200Z[0m [36m[INFO] STAGE1-001.SPREAD-WATCH-GPRO: STATUS [GPRO] ENTROPY=8(depth10/deltas-cache:20,trades=30) ASTER=59(quotes/deltas-cache:59,trades=2) | samples=11 stale=56 | last gross ENTROPY>ASTER=-27.01 ASTER>ENTROPY=-5.25 bps | net+ rows=0 (dirs 0) | depth rows=118 | trade rows=32[0m
[1m2026-09-14T08:42:56.531969300Z[0m [36m[INFO] STAGE1-001.SPREAD-WATCH-SNDK: STATUS [SNDK] HL=311(quotes/deltas-cache:12,trades=118) ENTROPY=190(quotes/deltas-cache:12,trades=90) ASTER=790(quotes/deltas-cache:562,trades=0) | samples=1289 stale=32 | last gross HL>ENTROPY=-1.93 HL>ASTER=-14.47 ENTROPY>HL=0.00 ENTROPY>ASTER=-13.19 ASTER>HL=10.61 ASTER>ENTROPY=9.97 bps | net+ rows=1831 (dirs 1831) | depth rows=177 | trade rows=208[0m
[1m2026-09-14T08:43:26.518897800Z[0m [36m[INFO] STAGE1-001.SPREAD-WATCH-GPRO: STATUS [GPRO] ENTROPY=13(depth10/deltas-cache:30,trades=32) ASTER=90(quotes/deltas-cache:89,trades=12) | samples=25 stale=100 | last gross ENTROPY>ASTER=-24.75 ASTER>ENTROPY=2.25 bps | net+ rows=0 (dirs 0) | depth rows=180 | trade rows=44[0m
[1m2026-09-14T08:43:26.518950200Z[0m [36m[INFO] STAGE1-001.SPREAD-WATCH-SNDK: STATUS [SNDK] HL=468(quotes/deltas-cache:17,trades=145) ENTROPY=283(quotes/deltas-cache:17,trades=115) ASTER=1072(quotes/deltas-cache:838,trades=1) | samples=1821 stale=34 | last gross HL>ENTROPY=-3.22 HL>ASTER=-13.52 ENTROPY>HL=1.93 ENTROPY>ASTER=-10.94 ASTER>HL=10.43 ASTER>ENTROPY=7.85 bps | net+ rows=2546 (dirs 2546) | depth rows=267 | trade rows=261[0m
[1m2026-09-14T08:43:53.433049100Z[0m [INFO] STAGE1-001.nautilus_live::node: Received stop signal from handle[0m
[1m2026-09-14T08:43:53.433080300Z[0m [INFO] STAGE1-001.nautilus_system::kernel: Stopping trader...[0m
[1m2026-09-14T08:43:53.433089400Z[0m [INFO] STAGE1-001.nautilus_system::trader: Stopping[0m
[1m2026-09-14T08:43:53.433131900Z[0m [INFO] STAGE1-001.SPREAD-WATCH-SNDK: Stopping[0m
[1m2026-09-14T08:43:53.433429900Z[0m [INFO] STAGE1-001.SPREAD-WATCH-SNDK: Stopped[0m
[1m2026-09-14T08:43:53.433447600Z[0m [INFO] STAGE1-001.SPREAD-WATCH-GPRO: Stopping[0m
[1m2026-09-14T08:43:53.433628400Z[0m [INFO] STAGE1-001.SPREAD-WATCH-GPRO: Stopped[0m
[1m2026-09-14T08:43:53.433644600Z[0m [INFO] STAGE1-001.nautilus_system::trader: Stopped[0m
[1m2026-09-14T08:43:53.433647400Z[0m [INFO] STAGE1-001.nautilus_live::node: Awaiting residual events (2s)...[0m
[1m2026-09-14T08:43:55.436701400Z[0m [INFO] STAGE1-001.nautilus_system::kernel: Disconnecting clients...[0m
[1m2026-09-14T08:43:55.437199700Z[0m [INFO] STAGE1-001.nautilus_binance::futures::data: Disconnected: client_id=ASTER[0m
[1m2026-09-14T08:43:55.564494200Z[0m [INFO] STAGE1-001.nautilus_hyperliquid::data: Disconnected: client_id=HYPERLIQUID[0m
[1m2026-09-14T08:43:55.564541600Z[0m [INFO] STAGE1-001.nautilus_live::node: Awaiting engine disconnections (10s timeout)...[0m
[1m2026-09-14T08:43:55.564559600Z[0m [INFO] STAGE1-001.nautilus_live::node: All engine clients disconnected[0m
[1m2026-09-14T08:43:55.564587800Z[0m [INFO] STAGE1-001.nautilus_hyperliquid::data: Stopping Hyperliquid data client HYPERLIQUID[0m
[1m2026-09-14T08:43:55.564598200Z[0m [INFO] STAGE1-001.nautilus_binance::futures::data: Stopping ASTER[0m
[1m2026-09-14T08:43:55.564628400Z[0m [INFO] STAGE1-001.nautilus_execution::engine: Stopped[0m
[1m2026-09-14T08:43:55.564632700Z[0m [INFO] STAGE1-001.nautilus_risk::engine: Stopped[0m
[1m2026-09-14T08:43:55.564635300Z[0m [INFO] STAGE1-001.nautilus_execution::order_emulator::emulator: Stopped[0m
[1m2026-09-14T08:43:55.564642200Z[0m [INFO] STAGE1-001.nautilus_system::kernel: Stopped[0m
[1m2026-09-14T08:43:55.564678500Z[0m [INFO] STAGE1-001.nautilus_live::node: Drained 2 remaining events during shutdown[0m
[1m2026-09-14T08:43:55.564683800Z[0m [INFO] STAGE1-001.nautilus_live::node: Event loop stopped[0m

==============================================================================
SUMMARY [SNDK]
  leg HL         top-of-book updates=634 (quotes)  book updates=22 (deltas-cache)  trades=161  funding_seen=True  xyz:SNDK-USD-PERP.HYPERLIQUID
  leg ENTROPY    top-of-book updates=347 (quotes)  book updates=22 (deltas-cache)  trades=146  funding_seen=True  io:SNDK-USD-PERP.HYPERLIQUID
  leg ASTER      top-of-book updates=1466 (quotes)  book updates=1127 (deltas-cache)  trades=3  funding_seen=True  SNDKUSD1-PERP.ASTER
  evaluated samples=2445  skipped-stale=148
  net-positive rows written=3425   all-sample rows=590   depth rows=348   trade rows=310
  HL>ENTROPY: net-positive 0/963 (0.00%)  gross median=-2.58 max=1.29 min=-7.73 bps  fee+reserve=6.80
  HL>ASTER: net-positive 0/2085 (0.00%)  gross median=-13.77 max=-9.01 min=-17.00 bps  fee+reserve=6.80
  ENTROPY>HL: net-positive 0/963 (0.00%)  gross median=1.29 max=3.86 min=-3.86 bps  fee+reserve=6.80
  ENTROPY>ASTER: net-positive 0/1763 (0.00%)  gross median=-11.89 max=-6.43 min=-16.15 bps  fee+reserve=6.80
  ASTER>HL: net-positive 2035/2085 (97.60%)  gross median=10.04 max=13.58 min=2.96 bps  fee+reserve=6.80
  ASTER>ENTROPY: net-positive 1390/1763 (78.84%)  gross median=7.78 max=13.00 min=-0.26 bps  fee+reserve=6.80
  csv: reports\entropy-io-acceptance\20260914T084152Z\spread_SNDK_HL-ENTROPY-ASTER_20260914T084152Z.csv
  csv: reports\entropy-io-acceptance\20260914T084152Z\spread_SNDK_HL-ENTROPY-ASTER_20260914T084152Z_all.csv
  csv: reports\entropy-io-acceptance\20260914T084152Z\depth_SNDK_HL-ENTROPY-ASTER_20260914T084152Z.csv
  csv: reports\entropy-io-acceptance\20260914T084152Z\trades_SNDK_HL-ENTROPY-ASTER_20260914T084152Z.csv
==============================================================================

==============================================================================
SUMMARY [GPRO]
  leg ENTROPY    top-of-book updates=18 (depth10)  book updates=40 (deltas-cache)  trades=36  funding_seen=True  io:GPRO-USD-PERP.HYPERLIQUID
  leg ASTER      top-of-book updates=115 (quotes)  book updates=110 (deltas-cache)  trades=19  funding_seen=True  GPROUSD1-PERP.ASTER
  evaluated samples=29  skipped-stale=152
  net-positive rows written=0   all-sample rows=26   depth rows=232   trade rows=55
  ENTROPY>ASTER: net-positive 0/29 (0.00%)  gross median=-34.51 max=-9.76 min=-44.28 bps  fee+reserve=6.80
  ASTER>ENTROPY: net-positive 0/29 (0.00%)  gross median=-12.76 max=2.25 min=-20.26 bps  fee+reserve=6.80
  csv: reports\entropy-io-acceptance\20260914T084152Z\spread_GPRO_ENTROPY-ASTER_20260914T084152Z.csv
  csv: reports\entropy-io-acceptance\20260914T084152Z\spread_GPRO_ENTROPY-ASTER_20260914T084152Z_all.csv
  csv: reports\entropy-io-acceptance\20260914T084152Z\depth_GPRO_ENTROPY-ASTER_20260914T084152Z.csv
  csv: reports\entropy-io-acceptance\20260914T084152Z\trades_GPRO_ENTROPY-ASTER_20260914T084152Z.csv
==============================================================================
