[1m[92m    Checking[0m foldhash v0.2.0
[1m[92m   Compiling[0m serde_json v1.0.151
[1m[92m   Compiling[0m num-traits v0.2.19
[1m[92m    Checking[0m bitflags v2.13.1
[1m[92m    Checking[0m hashbrown v0.17.1
[1m[92m    Checking[0m tokio v1.53.1
[1m[92m    Checking[0m phf_shared v0.12.1
[1m[92m   Compiling[0m chrono-tz v0.10.4
[1m[92m    Checking[0m phf v0.12.1
[1m[92m   Compiling[0m ring v0.17.14
[1m[92m    Checking[0m indexmap v2.14.0
[1m[92m    Checking[0m num-integer v0.1.47
[1m[92m    Checking[0m num-complex v0.4.6
[1m[92m    Checking[0m num-bigint v0.5.1
[1m[92m    Checking[0m half v2.7.1
[1m[92m    Checking[0m chrono v0.4.45
[1m[92m    Checking[0m arrow-schema v59.2.0
[1m[92m    Checking[0m arrow-buffer v59.2.0
[1m[92m    Checking[0m either v1.18.0
[1m[92m    Checking[0m arrow-data v59.2.0
[1m[92m   Compiling[0m zstd-sys v2.0.16+zstd.1.5.7
[1m[92m    Checking[0m tokio-util v0.7.19
[1m[92m   Compiling[0m zstd-safe v7.2.4
[1m[92m   Compiling[0m memchr v2.8.3
[1m[92m    Checking[0m regex-syntax v0.8.11
[1m[92m    Checking[0m unicode-segmentation v1.13.3
[1m[92m    Checking[0m comfy-table v7.2.2
[1m[92m    Checking[0m regex-automata v0.4.18
[1m[92m    Checking[0m arrow-array v59.2.0
[1m[92m    Checking[0m tower v0.5.3
[1m[92m    Checking[0m arrow-select v59.2.0
[1m[92m    Checking[0m atoi v2.0.0
[1m[92m    Checking[0m twox-hash v2.1.3
[1m[92m    Checking[0m lz4_flex v0.14.0
[1m[92m    Checking[0m flatbuffers v25.12.19
[1m[92m    Checking[0m regex v1.13.1
[1m[92m    Checking[0m arrow-ord v59.2.0
[1m[92m    Checking[0m uuid v1.26.0
[1m[92m    Checking[0m arrow-cast v59.2.0
[1m[92m    Checking[0m itertools v0.14.0
[1m[92m    Checking[0m arrow-csv v59.2.0
[1m[92m    Checking[0m arrow-json v59.2.0
[1m[92m    Checking[0m arrow-string v59.2.0
[1m[92m    Checking[0m arrow-arith v59.2.0
[1m[92m    Checking[0m arrow-row v59.2.0
[1m[92m    Checking[0m h2 v0.4.19
[1m[92m    Checking[0m foldhash v0.1.5
[1m[92m    Checking[0m hashbrown v0.15.5
[1m[92m    Checking[0m tower-http v0.6.11
[1m[92m    Checking[0m alloc-no-stdlib v2.0.4
[1m[92m    Checking[0m alloc-stdlib v0.2.4
[1m[92m   Compiling[0m snap v1.1.2
[1m[92m    Checking[0m same-file v1.0.6
[1m[92m    Checking[0m walkdir v2.5.0
[1m[92m    Checking[0m brotli-decompressor v5.0.3
[1m[92m    Checking[0m md-5 v0.10.6
[1m[92m    Checking[0m quick-xml v0.39.4
[1m[92m    Checking[0m hyper v1.11.0
[1m[92m    Checking[0m humantime v2.4.0
[1m[92m    Checking[0m zlib-rs v0.6.7
[1m[92m    Checking[0m hyper-util v0.1.20
[1m[92m    Checking[0m brotli v8.0.4
[1m[92m    Checking[0m flate2 v1.1.9
[1m[92m   Compiling[0m sqlparser_derive v0.5.0
[1m[92m    Checking[0m rustls-webpki v0.103.15
[1m[92m   Compiling[0m rustls v0.23.45
[1m[92m   Compiling[0m seq-macro v0.3.6
[1m[92m    Checking[0m itertools v0.15.0
[1m[92m    Checking[0m sqlparser v0.62.0
[1m[92m   Compiling[0m zerocopy v0.8.56
[1m[92m    Checking[0m tokio-rustls v0.26.4
[1m[92m    Checking[0m hyper-rustls v0.27.9
[1m[92m    Checking[0m reqwest v0.12.28
[1m[92m    Checking[0m object_store v0.13.2
[1m[92m    Checking[0m zstd v0.13.3
[1m[92m    Checking[0m arrow-ipc v59.2.0
[1m[92m   Compiling[0m getrandom v0.2.17
[1m[92m   Compiling[0m target-lexicon v0.13.5
[1m[92m    Checking[0m arrow v59.2.0
[1m[92m   Compiling[0m rand_core v0.6.4
[1m[92m   Compiling[0m ppv-lite86 v0.2.21
[1m[92m   Compiling[0m siphasher v1.0.3
[1m[92m   Compiling[0m rand_chacha v0.3.1
[1m[92m   Compiling[0m phf_shared v0.11.3
[1m[92m    Checking[0m datafusion-doc v55.0.0
[1m[92m   Compiling[0m pyo3-build-config v0.29.2
[1m[92m   Compiling[0m rand v0.8.8
[1m[92m   Compiling[0m rustix v1.1.4
[1m[92m   Compiling[0m phf_generator v0.11.3
[1m[92m    Checking[0m parquet v59.2.0
[1m[92m    Checking[0m fixedbitset v0.5.7
[1m[92m    Checking[0m linux-raw-sys v0.12.1
[1m[92m   Compiling[0m pyo3-ffi v0.29.2
[1m[92m    Checking[0m petgraph v0.8.3
[1m[92m    Checking[0m alloy-primitives v1.7.1
[1m[92m   Compiling[0m phf_codegen v0.11.3
[1m[92m   Compiling[0m datafusion-macros v55.0.0
[1m[92m    Checking[0m tempfile v3.27.0
[1m[92m   Compiling[0m crunchy v0.2.4
[1m[92m   Compiling[0m unicode-width v0.2.2
[1m[92m   Compiling[0m getopts v0.2.24
[1m[92m   Compiling[0m pyo3 v0.29.2
[1m[92m   Compiling[0m log v0.4.34
[1m[92m   Compiling[0m tiny-keccak v2.0.2
[1m[92m   Compiling[0m unicode_names2_generator v1.3.0
[1m[92m   Compiling[0m unic-char-range v0.9.0
[1m[92m    Checking[0m hex v0.4.3
[1m[92m    Checking[0m datafusion-common v55.0.0
[1m[92m   Compiling[0m unic-common v0.9.0
[1m[92m   Compiling[0m unic-ucd-version v0.9.0
[1m[92m   Compiling[0m unic-char-property v0.9.0
[1m[92m   Compiling[0m rustpython-parser-vendored v0.4.0
[1m[92m   Compiling[0m anyhow v1.0.104
[1m[92m   Compiling[0m is-macro v0.3.8
[1m[92m   Compiling[0m rustpython-parser v0.4.0
[1m[92m   Compiling[0m unicode_names2 v1.3.0
[1m[92m   Compiling[0m num-bigint v0.4.8
[1m[92m   Compiling[0m phf v0.11.3
[1m[92m   Compiling[0m pyo3-macros-backend v0.29.2
[1m[92m    Checking[0m datafusion-expr-common v55.0.0
[1m[92m   Compiling[0m rustpython-parser-core v0.4.0
[1m[92m   Compiling[0m static_assertions v1.1.0
[1m[92m    Checking[0m datafusion-physical-expr-common v55.0.0
[1m[92m    Checking[0m jiff v0.2.35
[1m[92m    Checking[0m datafusion-functions-window-common v55.0.0
[1m[92m    Checking[0m datafusion-functions-aggregate-common v55.0.0
[1m[92m    Checking[0m datafusion-expr v55.0.0
[1m[92m   Compiling[0m itertools v0.11.0
[1m[92m   Compiling[0m rustpython-ast v0.4.0
[1m[92m    Checking[0m datafusion-physical-expr v55.0.0
[1m[92m    Checking[0m datafusion-execution v55.0.0
[1m[92m    Checking[0m datafusion-functions v55.0.0
[1m[92m    Checking[0m rust_decimal v1.42.1
[1m[92m   Compiling[0m unic-ucd-ident v0.9.0
[1m[92m   Compiling[0m unic-emoji-char v0.9.0
[1m[92m   Compiling[0m lalrpop-util v0.20.2
[1m[92m    Checking[0m inventory v0.3.24
[1m[92m   Compiling[0m rustc-hash v1.1.0
[1m[92m    Checking[0m toml_parser v1.1.3+spec-1.1.0
[1m[92m    Checking[0m datafusion-common-runtime v55.0.0
[1m[92m    Checking[0m serde_spanned v1.1.1
[1m[92m    Checking[0m toml_datetime v1.1.1+spec-1.1.0
[1m[92m    Checking[0m deranged v0.5.8
[1m[92m    Checking[0m toml_writer v1.1.2+spec-1.1.0
[1m[92m    Checking[0m time-core v0.1.9
[1m[92m    Checking[0m num-conv v0.2.2
[1m[92m    Checking[0m powerfmt v0.2.0
[1m[92m    Checking[0m toml v1.1.4+spec-1.1.0
[1m[92m    Checking[0m time v0.3.55
[1m[92m    Checking[0m datafusion-physical-plan v55.0.0
[1m[92m   Compiling[0m nautilus-core v0.63.0 (/home/runner/work/nautilus_trader/nautilus_trader/crates/core)
[1m[92m   Compiling[0m aho-corasick v1.1.5
[1m[92m    Checking[0m rmp v0.8.15
[1m[92m    Checking[0m rmp-serde v1.3.1
[1m[92m   Compiling[0m pyo3-macros v0.29.2
[1m[92m    Checking[0m datafusion-session v55.0.0
[1m[92m    Checking[0m datafusion-physical-expr-adapter v55.0.0
[1m[92m    Checking[0m glob v0.3.4
[1m[92m    Checking[0m datafusion-datasource v55.0.0
[1m[92m   Compiling[0m pyo3-stub-gen-derive v0.20.0
[1m[92m   Compiling[0m alloy-json-abi v1.7.1
[1m[92m   Compiling[0m alloy-sol-macro-input v1.7.1
[1m[92m   Compiling[0m rstest_macros v0.26.1
[1m[92m   Compiling[0m alloy-sol-macro-expander v1.7.1
[1m[92m   Compiling[0m nautilus-common v0.63.0 (/home/runner/work/nautilus_trader/nautilus_trader/crates/common)
[1m[92m    Checking[0m tokio-stream v0.1.19
[1m[92m   Compiling[0m pyo3-async-runtimes-macros v0.29.0
[1m[92m    Checking[0m pyo3-async-runtimes v0.29.0
[1m[92m    Checking[0m alloy-eip2124 v0.2.0
[1m[92m    Checking[0m alloy-eip7702 v0.6.3
[1m[92m    Checking[0m alloy-serde v2.4.1
[1m[92m    Checking[0m alloy-eip7928 v0.4.8
[1m[92m    Checking[0m alloy-eip2930 v0.2.4
[1m[92m   Compiling[0m bigdecimal v0.4.10
[1m[92m    Checking[0m alloy-trie v0.9.5
[1m[92m    Checking[0m pyo3-stub-gen v0.20.0 (/home/runner/work/nautilus_trader/nautilus_trader/patches/pyo3-stub-gen)
[1m[92m    Checking[0m alloy-eips v2.4.1
[1m[92m    Checking[0m datafusion-pruning v55.0.0
[1m[92m    Checking[0m datafusion-catalog v55.0.0
[1m[92m    Checking[0m datafusion-functions-aggregate v55.0.0
[1m[92m    Checking[0m datafusion-functions-nested v55.0.0
[1m[92m   Compiling[0m alloy-sol-macro v1.7.1
[1m[92m    Checking[0m alloy-consensus v2.4.1
[1m[92m    Checking[0m alloy-sol-types v1.7.1
[1m[92m   Compiling[0m nautilus-serialization v0.63.0 (/home/runner/work/nautilus_trader/nautilus_trader/crates/serialization)
[1m[92m    Checking[0m datafusion-sql v55.0.0
[1m[92m    Checking[0m alloy-json-rpc v2.4.1
[1m[92m    Checking[0m datafusion-datasource-parquet v55.0.0
[1m[92m    Checking[0m datafusion-physical-optimizer v55.0.0
[1m[92m    Checking[0m datafusion-datasource-json v55.0.0
[1m[92m    Checking[0m datafusion-datasource-csv v55.0.0
[1m[92m    Checking[0m datafusion-datasource-arrow v55.0.0
[1m[92m    Checking[0m datafusion-functions-window v55.0.0
[1m[92m    Checking[0m datafusion-optimizer v55.0.0
[1m[92m    Checking[0m alloy-network-primitives v2.4.1
[1m[92m    Checking[0m alloy-consensus-any v2.4.1
[1m[92m    Checking[0m unbounded-interval-tree v1.1.2
[1m[92m   Compiling[0m nautilus-persistence-macros v0.63.0 (/home/runner/work/nautilus_trader/nautilus_trader/crates/persistence/macros)
[1m[92m    Checking[0m tungstenite v0.30.0
[1m[92m    Checking[0m alloy-rpc-types-eth v2.4.1
[1m[92m    Checking[0m rustls-platform-verifier v0.7.0
[1m[92m    Checking[0m nautilus-cryptography v0.63.0 (/home/runner/work/nautilus_trader/nautilus_trader/crates/cryptography)
[1m[92m    Checking[0m sockudo-ws v2.0.1
[1m[92m    Checking[0m rstest v0.26.1
[1m[92m    Checking[0m nautilus-model v0.63.0 (/home/runner/work/nautilus_trader/nautilus_trader/crates/model)
[1m[92m    Checking[0m reqwest v0.13.4
[1m[92m    Checking[0m tokio-tungstenite v0.30.0
[1m[92m    Checking[0m alloy-rpc-types-any v2.4.1
[1m[92m    Checking[0m alloy-transport v2.4.1
[1m[92m    Checking[0m alloy-signer v2.4.1
[1m[92m    Checking[0m alloy-network v2.4.1
[1m[92m    Checking[0m nautilus-network v0.63.0 (/home/runner/work/nautilus_trader/nautilus_trader/crates/network)
[1m[92m    Checking[0m alloy-rpc-client v2.4.1
[1m[92m    Checking[0m alloy-chains v0.2.37
[1m[92m    Checking[0m alloy-dyn-abi v1.7.1
[1m[92m    Checking[0m lru v0.18.2
[1m[92m    Checking[0m alloy-provider v2.4.1
[1m[92m    Checking[0m alloy-core v1.7.1
[1m[92m    Checking[0m alloy-signer-local v2.4.1
[1m[92m    Checking[0m alloy-transport-http v2.4.1
[1m[92m    Checking[0m alloy-contract v2.4.1
[1m[92m    Checking[0m alloy v2.4.1
[1m[92m    Checking[0m nautilus-analysis v0.63.0 (/home/runner/work/nautilus_trader/nautilus_trader/crates/analysis)
[1m[92m    Checking[0m nautilus-portfolio v0.63.0 (/home/runner/work/nautilus_trader/nautilus_trader/crates/portfolio)
[1m[92m    Checking[0m nautilus-execution v0.63.0 (/home/runner/work/nautilus_trader/nautilus_trader/crates/execution)
[1m[92m    Checking[0m nautilus-trading v0.63.0 (/home/runner/work/nautilus_trader/nautilus_trader/crates/trading)
[1m[92m    Checking[0m nautilus-risk v0.63.0 (/home/runner/work/nautilus_trader/nautilus_trader/crates/risk)
[1m[92m    Checking[0m datafusion-catalog-listing v55.0.0
[1m[92m    Checking[0m datafusion-functions-table v55.0.0
[1m[92m    Checking[0m datafusion v55.0.0
[1m[92m    Checking[0m nautilus-persistence v0.63.0 (/home/runner/work/nautilus_trader/nautilus_trader/crates/persistence)
[1m[92m    Checking[0m nautilus-data v0.63.0 (/home/runner/work/nautilus_trader/nautilus_trader/crates/data)
[1m[92m    Checking[0m nautilus-system v0.63.0 (/home/runner/work/nautilus_trader/nautilus_trader/crates/system)
[1m[92m    Checking[0m nautilus-live v0.63.0 (/home/runner/work/nautilus_trader/nautilus_trader/crates/live)
[1m[92m    Checking[0m nautilus-binance v0.63.0 (/home/runner/work/nautilus_trader/nautilus_trader/crates/adapters/binance)
[1m[92m    Checking[0m nautilus-ondo v0.63.0 (/home/runner/work/nautilus_trader/nautilus_trader/crates/adapters/ondo)
[1m[92m    Checking[0m nautilus-backpack v0.63.0 (/home/runner/work/nautilus_trader/nautilus_trader/crates/adapters/backpack)
[1m[92m    Checking[0m nautilus-aster v0.63.0 (/home/runner/work/nautilus_trader/nautilus_trader/crates/adapters/aster)
[1m[92m    Finished[0m `dev` profile [unoptimized] target(s) in 3m 40s
