
Total: 0 doc comments updated
   Compiling proc-macro2 v1.0.107
   Compiling unicode-ident v1.0.24
   Compiling quote v1.0.47
   Compiling cfg-if v1.0.4
   Compiling serde v1.0.229
   Compiling serde_core v1.0.229
   Compiling memchr v2.8.3
   Compiling equivalent v1.0.2
   Compiling windows-link v0.2.1
   Compiling itoa v1.0.18
   Compiling typenum v1.20.1
   Compiling version_check v0.9.5
   Compiling once_cell v1.21.4
   Compiling allocator-api2 v0.2.21
   Compiling foldhash v0.2.0
   Compiling subtle v2.6.1
   Compiling getrandom v0.4.3
   Compiling pin-project-lite v0.2.17
   Compiling rand_core v0.10.1
   Compiling zmij v1.0.23
   Compiling autocfg v1.5.1
   Compiling futures-core v0.3.34
   Compiling find-msvc-tools v0.1.11
   Compiling parking_lot_core v0.9.12
   Compiling shlex v2.0.1
   Compiling const-oid v0.9.6
   Compiling value-bag v1.13.2
   Compiling serde_json v1.0.151
   Compiling scopeguard v1.2.0
   Compiling futures-io v0.3.34
   Compiling unicode-segmentation v1.13.3
   Compiling getrandom v0.2.17
   Compiling windows-sys v0.61.2
   Compiling futures-task v0.3.34
   Compiling siphasher v1.0.3
   Compiling lock_api v0.4.14
   Compiling futures-sink v0.3.34
   Compiling libm v0.2.16
   Compiling slab v0.4.12
   Compiling libc v0.2.189
   Compiling tracing-core v0.1.36
   Compiling futures-channel v0.3.34
   Compiling rand_core v0.6.4
   Compiling thiserror v2.0.20
   Compiling dunce v1.0.5
   Compiling fnv v1.0.7
   Compiling bitflags v2.13.1
   Compiling zerocopy v0.8.56
   Compiling cmov v0.5.4
   Compiling stable_deref_trait v1.2.1
   Compiling cpufeatures v0.2.17
   Compiling ryu v1.0.23
   Compiling cpufeatures v0.3.1
   Compiling percent-encoding v2.3.2
   Compiling writeable v0.6.4
   Compiling getrandom v0.3.4
   Compiling litemap v0.8.3
   Compiling icu_normalizer_data v2.3.0
   Compiling utf8_iter v1.0.4
   Compiling ctutils v0.4.2
   Compiling aho-corasick v1.1.5
   Compiling icu_properties_data v2.3.0
   Compiling fs_extra v1.3.0
   Compiling regex-syntax v0.8.11
   Compiling aws-lc-rs v1.18.0
   Compiling jobserver v0.1.35
   Compiling chacha20 v0.10.2
   Compiling unicode-width v0.2.2
   Compiling semver v1.0.28
   Compiling untrusted v0.9.0
   Compiling windows_x86_64_msvc v0.52.6
   Compiling httparse v1.10.1
   Compiling rustls v0.23.43
   Compiling base64 v0.22.1
   Compiling generic-array v0.14.9
   Compiling hybrid-array v0.4.14
   Compiling ahash v0.8.12
   Compiling const-oid v0.10.2
   Compiling cc v1.4.4
   Compiling rustc_version v0.4.1
   Compiling rand v0.10.2
   Compiling phf_shared v0.12.1
   Compiling hashbrown v0.17.1
   Compiling chrono-tz v0.10.4
   Compiling paste v1.0.15
   Compiling pkg-config v0.3.34
   Compiling num-traits v0.2.19
   Compiling phf v0.12.1
   Compiling tower-service v0.3.3
   Compiling heck v0.5.0
   Compiling block-buffer v0.12.1
   Compiling crypto-common v0.2.2
   Compiling try-lock v0.2.5
   Compiling windows-targets v0.52.6
   Compiling atomic-waker v1.1.2
   Compiling form_urlencoded v1.2.2
   Compiling httpdate v1.0.3
   Compiling zstd-safe v7.2.4
   Compiling windows-sys v0.52.0
   Compiling want v0.3.1
   Compiling syn v2.0.119
   Compiling syn v3.0.4
   Compiling unicode-xid v0.2.6
   Compiling ipnet v2.12.1
   Compiling lexical-util v1.0.7
   Compiling base64 v0.23.1
   Compiling convert_case v0.10.0
   Compiling sync_wrapper v1.0.2
   Compiling tower-layer v0.3.3
   Compiling ruint-macro v1.2.1
   Compiling winnow v1.0.4
   Compiling ff v0.13.1
   Compiling indexmap v2.14.0
   Compiling keccak v0.2.2
   Compiling base16ct v0.2.0
   Compiling group v0.13.0
   Compiling flatbuffers v25.12.19
   Compiling cmake v0.1.58
   Compiling simdutf8 v0.1.5
   Compiling lexical-write-integer v1.0.6
   Compiling lexical-parse-integer v1.0.6
   Compiling csv-core v0.1.13
   Compiling twox-hash v2.1.3
   Compiling digest v0.11.3
   Compiling lexical-parse-float v1.0.6
   Compiling socket2 v0.5.10
   Compiling lexical-write-float v1.0.6
   Compiling crossbeam-utils v0.8.22
   Compiling lz4_flex v0.14.0
   Compiling comfy-table v7.2.2
   Compiling anyhow v1.0.104
   Compiling sha3 v0.11.0
   Compiling strsim v0.11.1
   Compiling ident_case v1.0.1
   Compiling num-integer v0.1.47
   Compiling num-complex v0.4.6
   Compiling atoi v2.0.0
   Compiling regex-automata v0.4.18
   Compiling lexical-core v1.0.6
   Compiling foldhash v0.1.5
   Compiling log v0.4.34
   Compiling hashbrown v0.14.5
   Compiling num-bigint v0.5.1
   Compiling hashbrown v0.15.5
   Compiling crc32fast v1.5.1
   Compiling alloc-no-stdlib v2.0.4
   Compiling simd-adler32 v0.3.10
   Compiling csv v1.4.0
   Compiling uuid v1.26.0
   Compiling const-hex v1.19.1
   Compiling adler2 v2.0.1
   Compiling alloc-stdlib v0.2.4
   Compiling snap v1.1.2
   Compiling miniz_oxide v0.8.9
   Compiling zlib-rs v0.6.7
   Compiling brotli-decompressor v5.0.3
   Compiling humantime v2.4.0
   Compiling fastrand v2.5.0
   Compiling toml_datetime v1.1.1+spec-1.1.0
   Compiling toml_parser v1.1.3+spec-1.1.0
   Compiling seq-macro v0.3.6
   Compiling phf_shared v0.11.3
   Compiling hex v0.4.3
   Compiling fixedbitset v0.5.7
   Compiling target-lexicon v0.13.5
   Compiling rustversion v1.0.23
   Compiling time-core v0.1.9
   Compiling num-conv v0.2.2
   Compiling deranged v0.5.8
   Compiling powerfmt v0.2.0
   Compiling datafusion-doc v55.0.0
   Compiling glob v0.3.4
   Compiling prettyplease v0.2.37
   Compiling toml_edit v0.25.13+spec-1.1.0
   Compiling rust_decimal v1.42.1
   Compiling time-macros v0.2.32
   Compiling crunchy v0.2.4
   Compiling brotli v8.0.4
   Compiling byteorder v1.5.0
   Compiling rand_core v0.9.5
   Compiling getopts v0.2.24
   Compiling tiny-keccak v2.0.2
   Compiling proc-macro-crate v3.5.0
   Compiling petgraph v0.8.3
   Compiling unic-common v0.9.0
   Compiling unic-char-range v0.9.0
   Compiling serde_spanned v1.1.1
   Compiling unic-ucd-version v0.9.0
   Compiling unic-char-property v0.9.0
   Compiling rustpython-parser-vendored v0.4.0
   Compiling jiff-tzdb v0.1.8
   Compiling pyo3-build-config v0.29.2
   Compiling toml v1.1.4+spec-1.1.0
   Compiling phf v0.11.3
   Compiling jiff-core v0.1.0
   Compiling synstructure v0.13.2
   Compiling darling_core v0.20.11
   Compiling num-bigint v0.4.8
   Compiling pyo3-macros-backend v0.29.2
   Compiling arrow-schema v59.2.0
   Compiling regex v1.13.1
   Compiling jiff-tzdb-platform v0.1.3
   Compiling static_assertions v1.1.0
   Compiling unic-emoji-char v0.9.0
   Compiling unic-ucd-ident v0.9.0
   Compiling lazy_static v1.5.0
   Compiling lalrpop-util v0.20.2
   Compiling flate2 v1.1.9
   Compiling rustc-hash v1.1.0
   Compiling mio v1.2.2
   Compiling socket2 v0.6.5
   Compiling schannel v0.1.29
   Compiling winapi-util v0.1.11
   Compiling same-file v1.0.6
   Compiling walkdir v2.5.0
   Compiling tempfile v3.27.0
   Compiling jiff v0.2.35
   Compiling inventory v0.3.24
   Compiling toml_writer v1.1.2+spec-1.1.0
   Compiling ppv-lite86 v0.2.21
   Compiling arc-swap v1.9.2
   Compiling rmp v0.8.15
   Compiling rstest_macros v0.26.1
   Compiling futures-timer v3.0.4
   Compiling windows-strings v0.5.1
   Compiling windows-result v0.4.1
   Compiling implied-vol v2.0.0
   Compiling bytecount v0.6.9
   Compiling rand_chacha v0.3.1
   Compiling relative-path v1.9.3
   Compiling papergrid v0.18.0
   Compiling winapi v0.3.9
   Compiling windows-threading v0.2.1
   Compiling rand v0.8.8
   Compiling ntapi v0.4.3
   Compiling thiserror v1.0.69
   Compiling sharded-slab v0.1.7
   Compiling matchers v0.2.0
   Compiling thread_local v1.1.10
   Compiling aws-lc-sys v0.44.0
   Compiling ring v0.17.14
   Compiling zstd-sys v2.0.16+zstd.1.5.7
   Compiling bigdecimal v0.4.10
   Compiling nautilus-core v0.63.0 (E:\nautilus_trader\.worktrees\ondo-r52-cleanup\crates\core)
   Compiling nautilus-common v0.63.0 (E:\nautilus_trader\.worktrees\ondo-r52-cleanup\crates\common)
   Compiling phf_generator v0.11.3
   Compiling phf_codegen v0.11.3
   Compiling unicode_names2_generator v1.3.0
   Compiling sha2 v0.11.0
   Compiling nautilus-serialization v0.63.0 (E:\nautilus_trader\.worktrees\ondo-r52-cleanup\crates\serialization)
   Compiling curve25519-dalek v5.0.0
   Compiling signature v3.0.0
   Compiling tabled v0.21.0
   Compiling pyo3-ffi v0.29.2
   Compiling pyo3 v0.29.2
   Compiling arraydeque v0.5.1
   Compiling rustpython-parser v0.4.0
   Compiling minimal-lexical v0.2.1
   Compiling ed25519 v3.0.0
   Compiling crc-catalog v2.5.0
   Compiling nom v7.1.3
   Compiling crc v3.4.0
   Compiling ruint v1.20.0
   Compiling sha1 v0.11.0
   Compiling pem v4.0.0
   Compiling data-encoding v2.11.1
   Compiling macro-string v0.2.0
   Compiling syn-solidity v1.7.1
   Compiling proc-macro-error-attr3 v3.0.1
   Compiling time v0.3.55
   Compiling dotenvy v0.15.7
   Compiling futures-utils-wasm v0.1.0
   Compiling proc-macro-error3 v3.0.1
   Compiling parking v2.2.1
   Compiling phf_shared v0.14.0
   Compiling event-listener v5.4.2
   Compiling tinyvec_macros v0.1.1
   Compiling tinyvec v1.12.0
   Compiling phf v0.14.0
   Compiling unicode-normalization v0.1.25
   Compiling hashbrown v0.16.1
   Compiling lru v0.18.2
   Compiling block-buffer v0.10.4
   Compiling crypto-common v0.1.6
   Compiling digest v0.10.7
   Compiling unicode-properties v0.1.4
   Compiling unicode-bidi v0.3.18
   Compiling arrayvec v0.7.8
   Compiling crossbeam-queue v0.3.13
   Compiling sha2 v0.10.9
   Compiling futures-util v0.3.34
   Compiling hashlink v0.11.1
   Compiling hmac v0.13.0
   Compiling petgraph v0.7.1
   Compiling stringprep v0.1.5
   Compiling unicode_names2 v1.3.0
   Compiling multimap v0.10.1
   Compiling whoami v2.1.3
   Compiling crossbeam-epoch v0.9.20
   Compiling hkdf v0.13.0
   Compiling md-5 v0.11.0
   Compiling flex-error v0.4.4
   Compiling serde_bytes v0.11.19
   Compiling convert_case v0.6.0
   Compiling fastrange-rs v0.1.0
   Compiling xxhash-rust v0.8.18
   Compiling crossbeam-deque v0.8.7
   Compiling etcetera v0.11.0
   Compiling xml-rs v0.8.29
   Compiling ref-cast v1.0.27
   Compiling unsafe-libyaml v0.2.11
   Compiling sbbf-rs v0.2.8
   Compiling blake3 v1.8.7
   Compiling parse-zoneinfo v0.3.1
   Compiling serde_derive_internals v0.30.0
   Compiling subtle-ng v2.5.0
   Compiling opaque-debug v0.3.1
   Compiling compression-core v0.4.32
   Compiling rayon-core v1.13.0
   Compiling sbbf-rs-safe v0.3.2
   Compiling event-listener-strategy v0.5.4
   Compiling eyre v0.6.14
   Compiling dyn-clone v1.0.20
   Compiling nohash-hasher v0.2.0
   Compiling constant_time_eq v0.4.2
   Compiling async-lock v3.4.2
   Compiling eventsource-stream v0.2.3
   Compiling libmimalloc-sys v0.1.49
   Compiling backon v1.6.0
   Compiling json-writer v0.4.0
   Compiling capnp v0.23.2
   Compiling indenter v0.3.4
   Compiling arcstr v1.2.0
   Compiling strum v0.27.2
   Compiling fallible-streaming-iterator v0.1.9
   Compiling mime v0.3.17
   Compiling libbz2-rs-sys v0.2.5
   Compiling num_cpus v1.17.0
   Compiling bzip2 v0.6.1
   Compiling mimalloc v0.1.52
   Compiling serde_derive v1.0.229
   Compiling futures-macro v0.3.34
   Compiling thiserror-impl v2.0.20
   Compiling tokio-macros v2.7.2
   Compiling zerovec-derive v0.11.6
   Compiling displaydoc v0.2.7
   Compiling async-trait v0.1.92
   Compiling datafusion-macros v55.0.0
   Compiling serde_repr v0.1.21
   Compiling ref-cast-impl v1.0.27
   Compiling schemars_derive v1.2.2
   Compiling zeroize_derive v1.5.0
   Compiling tracing-attributes v0.1.31
   Compiling zerofrom-derive v0.1.7
   Compiling yoke-derive v0.8.2
   Compiling zerocopy-derive v0.8.56
   Compiling derive_more-impl v2.1.1
   Compiling alloy-rlp-derive v0.3.16
   Compiling pin-project-internal v1.1.13
   Compiling sqlparser_derive v0.5.0
   Compiling darling_macro v0.20.11
   Compiling is-macro v0.3.8
   Compiling pyo3-macros v0.29.2
   Compiling zstd v0.13.3
   Compiling strum_macros v0.28.0
   Compiling windows-interface v0.59.3
   Compiling windows-implement v0.60.2
   Compiling darling v0.20.11
   Compiling bon-macros v3.9.3
   Compiling derive_builder_core v0.20.2
   Compiling enum_dispatch v0.3.13
   Compiling rust_decimal_macros v1.40.0
   Compiling pyo3-async-runtimes-macros v0.29.0
   Compiling thiserror-impl v1.0.69
   Compiling rustpython-parser-core v0.4.0
   Compiling rustpython-ast v0.4.0
   Compiling curve25519-dalek-derive v0.1.1
   Compiling nautilus-persistence-macros v0.63.0 (E:\nautilus_trader\.worktrees\ondo-r52-cleanup\crates\persistence\macros)
   Compiling zeroize v1.9.0
   Compiling async-stream-impl v0.3.6
   Compiling rustls-pki-types v1.15.1
   Compiling der v0.7.10
   Compiling rustls-native-certs v0.8.4
   Compiling crypto-bigint v0.5.5
   Compiling sqlparser v0.62.0
   Compiling sec1 v0.7.3
   Compiling hmac v0.12.1
   Compiling signature v2.2.0
   Compiling rfc6979 v0.4.0
   Compiling spki v0.7.3
   Compiling elliptic-curve v0.13.8
   Compiling md-5 v0.10.6
   Compiling windows-core v0.62.2
   Compiling webpki-roots v1.0.9
   Compiling sha1 v0.10.7
   Compiling ecdsa v0.16.9
   Compiling webpki-roots v0.26.11
   Compiling auto_impl v1.3.0
   Compiling async-stream v0.3.6
   Compiling num_enum_derive v0.7.6
   Compiling windows-numerics v0.3.1
   Compiling windows-future v0.3.2
   Compiling windows-collections v0.3.2
   Compiling futures-executor v0.3.34
   Compiling k256 v0.13.4
   Compiling futures v0.3.34
   Compiling digest v0.9.0
   Compiling subtle-encoding v0.5.1
   Compiling block-buffer v0.9.0
   Compiling derive_more-impl v1.0.0
   Compiling ripemd v0.1.3
   Compiling windows v0.62.2
   Compiling sha2 v0.9.9
   Compiling curve25519-dalek-ng v4.1.1
   Compiling compression-codecs v0.4.38
   Compiling ed25519 v2.2.3
   Compiling bs58 v0.5.1
   Compiling ed25519-dalek v3.0.0
   Compiling ed25519-consensus v2.1.0
   Compiling derive_builder_macro v0.20.2
   Compiling tracing v0.1.44
   Compiling dbn-macros v0.68.0
   Compiling zerofrom v0.1.8
   Compiling strum_macros v0.27.2
   Compiling bip32 v0.5.3
   Compiling yoke v0.8.3
   Compiling tracing-subscriber v0.3.23
   Compiling pin-project v1.1.13
   Compiling zerovec v0.11.8
   Compiling zerotrie v0.2.5
   Compiling derive_builder v0.20.2
   Compiling tinystr v0.8.4
   Compiling potential_utf v0.1.6
   Compiling icu_locale_core v2.3.0
   Compiling icu_collections v2.3.0
   Compiling strum v0.28.0
   Compiling num_enum v0.7.6
   Compiling icu_provider v2.3.1
   Compiling bytes v1.12.1
   Compiling smallvec v1.15.2
   Compiling icu_properties v2.3.0
   Compiling chrono v0.4.45
   Compiling parking_lot v0.12.5
   Compiling http v1.5.0
   Compiling tokio v1.53.1
   Compiling icu_normalizer v2.3.0
   Compiling either v1.18.0
   Compiling alloy-rlp v0.3.16
   Compiling http-body v1.1.0
   Compiling serde_urlencoded v0.7.1
   Compiling half v2.7.1
   Compiling idna_adapter v1.2.2
   Compiling http-body-util v0.1.5
   Compiling idna v1.1.0
   Compiling itertools v0.14.0
   Compiling dashmap v6.2.1
   Compiling quick-xml v0.39.4
   Compiling arrow-buffer v59.2.0
   Compiling derive_more v2.1.1
   Compiling url v2.5.8
   Compiling itertools v0.15.0
   Compiling itertools v0.11.0
   Compiling alloy-primitives v1.7.1
   Compiling rand_chacha v0.9.0
   Compiling arrow-data v59.2.0
   Compiling rand v0.9.5
   Compiling ustr v1.1.0
   Compiling rmp-serde v1.3.1
   Compiling alloy-sol-type-parser v1.7.1
   Compiling itchy v0.3.4
   Compiling darling_core v0.23.0
   Compiling alloy-serde v2.4.1
   Compiling alloy-eip2124 v0.2.0
   Compiling alloy-eip2930 v0.2.4
   Compiling alloy-eip7702 v0.6.3
   Compiling unbounded-interval-tree v1.1.2
   Compiling alloy-json-abi v1.7.1
   Compiling rstest v0.26.1
   Compiling alloy-eip7928 v0.4.8
   Compiling nybbles v0.4.8
   Compiling alloy-signer v2.4.1
   Compiling alloy-chains v0.2.37
   Compiling alloy-trie v0.9.5
   Compiling futures-intrusive v0.5.0
   Compiling serde_yaml v0.9.34+deprecated
   Compiling serde-xml-rs v0.5.1
   Compiling derive_more v1.0.0
   Compiling tokio-util v0.7.19
   Compiling datafusion-common-runtime v55.0.0
   Compiling faster-hex v0.9.0
   Compiling time-tz v2.0.0
   Compiling hypersync-format v0.7.1
   Compiling async-compression v0.4.43
   Compiling prost-derive v0.13.5
   Compiling prost-derive v0.14.4
   Compiling alloy-sol-macro-input v1.7.1
   Compiling schemars v1.2.2
   Compiling h2 v0.4.19
   Compiling tower v0.5.3
   Compiling tokio-stream v0.1.19
   Compiling alloy-sol-macro-expander v1.7.1
   Compiling bon v3.9.3
   Compiling pyo3-async-runtimes v0.29.0
   Compiling combine v4.6.8
   Compiling dbn v0.68.0
   Compiling sqlx-core v0.9.0
   Compiling arrow-array v59.2.0
   Compiling tower-http v0.6.11
   Compiling hypersync-net-types v0.12.3
   Compiling rayon v1.12.0
   Compiling bincode v1.3.3
   Compiling bollard-stubs v1.53.1-rc.29.3.1
   Compiling sqlx-postgres v0.9.0
   Compiling arrow-select v59.2.0
   Compiling hyper v1.11.0
   Compiling arrow-arith v59.2.0
   Compiling arrow-row v59.2.0
   Compiling sysinfo v0.39.6
   Compiling prost v0.14.4
   Compiling hyper-util v0.1.20
   Compiling prost v0.13.5
   Compiling arrow-ord v59.2.0
   Compiling arrow-ipc v59.2.0
   Compiling arrow-string v59.2.0
   Compiling prost-types v0.13.5
   Compiling tendermint-proto v0.40.4
   Compiling hyper-timeout v0.5.2
   Compiling hyper-named-pipe v0.1.1
   Compiling arrow-cast v59.2.0
   Compiling darling_macro v0.23.0
   Compiling prost-build v0.13.5
   Compiling ibapi v3.3.0
   Compiling darling v0.23.0
   Compiling tonic-build v0.13.1
   Compiling serde_with_macros v3.22.0
   Compiling alloy-tx-macros v2.4.1
   Compiling sqlx-macros-core v0.9.0
   Compiling arrow-json v59.2.0
   Compiling arrow-csv v59.2.0
   Compiling tonic-buf-build v0.3.1
   Compiling arrow v59.2.0
   Compiling alloy-sol-macro v1.7.1
   Compiling arrow v57.3.1 (E:\nautilus_trader\.worktrees\ondo-r52-cleanup\patches\arrow-compat)
   Compiling hypersync-schema v0.4.0
   Compiling bollard v0.21.1
   Compiling pyo3-stub-gen-derive v0.20.0
   Compiling alloy-sol-types v1.7.1
   Compiling dydx-proto v0.4.0
   Compiling serde_with v3.22.0
   Compiling alloy-json-rpc v2.4.1
   Compiling alloy-dyn-abi v1.7.1
   Compiling alloy-eips v2.4.1
   Compiling alloy-transport v2.4.1
   Compiling alloy-core v1.7.1
   Compiling tendermint v0.40.4
   Compiling alloy-consensus v2.4.1
   Compiling pyo3-stub-gen v0.20.0 (E:\nautilus_trader\.worktrees\ondo-r52-cleanup\patches\pyo3-stub-gen)
   Compiling alloy-consensus-any v2.4.1
   Compiling alloy-network-primitives v2.4.1
   Compiling alloy-rpc-types-eth v2.4.1
   Compiling sqlx-macros v0.9.0
   Compiling sqlx v0.9.0
   Compiling alloy-rpc-types-any v2.4.1
   Compiling alloy-network v2.4.1
   Compiling alloy-signer-local v2.4.1
   Compiling rustls-webpki v0.103.15
   Compiling nautilus-model v0.63.0 (E:\nautilus_trader\.worktrees\ondo-r52-cleanup\crates\model)
   Compiling tokio-rustls v0.26.4
   Compiling rustls-platform-verifier v0.7.0
   Compiling nautilus-cryptography v0.63.0 (E:\nautilus_trader\.worktrees\ondo-r52-cleanup\crates\cryptography)
   Compiling tungstenite v0.30.0
   Compiling hyper-rustls v0.27.9
   Compiling sockudo-ws v2.0.1
   Compiling tonic v0.13.1
   Compiling redis v1.6.0
   Compiling reqwest v0.12.28
   Compiling reqwest v0.13.4
   Compiling tokio-tungstenite v0.30.0
   Compiling object_store v0.13.2
   Compiling reqwest-eventsource v0.6.0
   Compiling nautilus-network v0.63.0 (E:\nautilus_trader\.worktrees\ondo-r52-cleanup\crates\network)
   Compiling alloy-transport-http v2.4.1
   Compiling databento v0.60.0
   Compiling alloy-rpc-client v2.4.1
   Compiling cosmos-sdk-proto v0.27.0
   Compiling alloy-provider v2.4.1
   Compiling alloy-contract v2.4.1
   Compiling alloy v2.4.1
   Compiling parquet v59.2.0
   Compiling cosmrs v0.22.0
   Compiling datafusion-common v55.0.0
   Compiling parquet v57.3.1 (E:\nautilus_trader\.worktrees\ondo-r52-cleanup\patches\parquet-compat)
   Compiling hypersync-client v1.4.0
   Compiling datafusion-expr-common v55.0.0
   Compiling datafusion-physical-expr-common v55.0.0
   Compiling datafusion-functions-aggregate-common v55.0.0
   Compiling datafusion-functions-window-common v55.0.0
   Compiling datafusion-expr v55.0.0
   Compiling datafusion-physical-expr v55.0.0
   Compiling datafusion-execution v55.0.0
   Compiling datafusion-functions v55.0.0
   Compiling datafusion-functions-aggregate v55.0.0
   Compiling datafusion-functions-window v55.0.0
   Compiling datafusion-optimizer v55.0.0
   Compiling datafusion-physical-plan v55.0.0
   Compiling datafusion-physical-expr-adapter v55.0.0
   Compiling datafusion-functions-nested v55.0.0
   Compiling datafusion-sql v55.0.0
   Compiling datafusion-session v55.0.0
   Compiling datafusion-datasource v55.0.0
   Compiling nautilus-analysis v0.63.0 (E:\nautilus_trader\.worktrees\ondo-r52-cleanup\crates\analysis)
   Compiling nautilus-indicators v0.63.0 (E:\nautilus_trader\.worktrees\ondo-r52-cleanup\crates\indicators)
   Compiling datafusion-pruning v55.0.0
   Compiling datafusion-catalog v55.0.0
   Compiling datafusion-datasource-arrow v55.0.0
   Compiling datafusion-physical-optimizer v55.0.0
   Compiling datafusion-datasource-parquet v55.0.0
   Compiling datafusion-datasource-csv v55.0.0
   Compiling datafusion-datasource-json v55.0.0
   Compiling nautilus-portfolio v0.63.0 (E:\nautilus_trader\.worktrees\ondo-r52-cleanup\crates\portfolio)
   Compiling nautilus-execution v0.63.0 (E:\nautilus_trader\.worktrees\ondo-r52-cleanup\crates\execution)
   Compiling nautilus-infrastructure v0.63.0 (E:\nautilus_trader\.worktrees\ondo-r52-cleanup\crates\infrastructure)
   Compiling nautilus-trading v0.63.0 (E:\nautilus_trader\.worktrees\ondo-r52-cleanup\crates\trading)
   Compiling nautilus-risk v0.63.0 (E:\nautilus_trader\.worktrees\ondo-r52-cleanup\crates\risk)
   Compiling nautilus-testkit v0.63.0 (E:\nautilus_trader\.worktrees\ondo-r52-cleanup\crates\testkit)
   Compiling datafusion-catalog-listing v55.0.0
   Compiling datafusion-functions-table v55.0.0
   Compiling datafusion v55.0.0
   Compiling nautilus-persistence v0.63.0 (E:\nautilus_trader\.worktrees\ondo-r52-cleanup\crates\persistence)
   Compiling nautilus-data v0.63.0 (E:\nautilus_trader\.worktrees\ondo-r52-cleanup\crates\data)
   Compiling nautilus-system v0.63.0 (E:\nautilus_trader\.worktrees\ondo-r52-cleanup\crates\system)
   Compiling nautilus-live v0.63.0 (E:\nautilus_trader\.worktrees\ondo-r52-cleanup\crates\live)
   Compiling nautilus-backtest v0.63.0 (E:\nautilus_trader\.worktrees\ondo-r52-cleanup\crates\backtest)
   Compiling nautilus-sandbox v0.63.0 (E:\nautilus_trader\.worktrees\ondo-r52-cleanup\crates\adapters\sandbox)
   Compiling nautilus-binance v0.63.0 (E:\nautilus_trader\.worktrees\ondo-r52-cleanup\crates\adapters\binance)
   Compiling nautilus-dydx v0.63.0 (E:\nautilus_trader\.worktrees\ondo-r52-cleanup\crates\adapters\dydx)
   Compiling nautilus-polymarket v0.63.0 (E:\nautilus_trader\.worktrees\ondo-r52-cleanup\crates\adapters\polymarket)
   Compiling nautilus-bybit v0.63.0 (E:\nautilus_trader\.worktrees\ondo-r52-cleanup\crates\adapters\bybit)
   Compiling nautilus-ondo v0.63.0 (E:\nautilus_trader\.worktrees\ondo-r52-cleanup\crates\adapters\ondo)
   Compiling nautilus-deribit v0.63.0 (E:\nautilus_trader\.worktrees\ondo-r52-cleanup\crates\adapters\deribit)
   Compiling nautilus-databento v0.63.0 (E:\nautilus_trader\.worktrees\ondo-r52-cleanup\crates\adapters\databento)
   Compiling nautilus-lighter v0.63.0 (E:\nautilus_trader\.worktrees\ondo-r52-cleanup\crates\adapters\lighter)
   Compiling nautilus-kraken v0.63.0 (E:\nautilus_trader\.worktrees\ondo-r52-cleanup\crates\adapters\kraken)
   Compiling nautilus-betfair v0.63.0 (E:\nautilus_trader\.worktrees\ondo-r52-cleanup\crates\adapters\betfair)
   Compiling nautilus-hyperliquid v0.63.0 (E:\nautilus_trader\.worktrees\ondo-r52-cleanup\crates\adapters\hyperliquid)
   Compiling nautilus-coinbase v0.63.0 (E:\nautilus_trader\.worktrees\ondo-r52-cleanup\crates\adapters\coinbase)
   Compiling nautilus-okx v0.63.0 (E:\nautilus_trader\.worktrees\ondo-r52-cleanup\crates\adapters\okx)
   Compiling nautilus-interactive-brokers v0.63.0 (E:\nautilus_trader\.worktrees\ondo-r52-cleanup\crates\adapters\interactive_brokers)
   Compiling nautilus-derive v0.63.0 (E:\nautilus_trader\.worktrees\ondo-r52-cleanup\crates\adapters\derive)
   Compiling nautilus-tardis v0.63.0 (E:\nautilus_trader\.worktrees\ondo-r52-cleanup\crates\adapters\tardis)
   Compiling nautilus-bitmex v0.63.0 (E:\nautilus_trader\.worktrees\ondo-r52-cleanup\crates\adapters\bitmex)
   Compiling nautilus-blockchain v0.63.0 (E:\nautilus_trader\.worktrees\ondo-r52-cleanup\crates\adapters\blockchain)
   Compiling nautilus-architect-ax v0.63.0 (E:\nautilus_trader\.worktrees\ondo-r52-cleanup\crates\adapters\architect_ax)
   Compiling nautilus-aster v0.63.0 (E:\nautilus_trader\.worktrees\ondo-r52-cleanup\crates\adapters\aster)
   Compiling nautilus-pyo3 v0.63.0 (E:\nautilus_trader\.worktrees\ondo-r52-cleanup\crates\pyo3)
    Finished `nextest` profile [unoptimized] target(s) in 4m 47s
     Running `E:/nautilus_trader/target\nextest\python-stub-gen.exe`
Starting Python type stub generation...
Python type stub generation completed
Starting nautilus-trader stubs...
Generating PyO3 docstrings...
Generating type stubs with pyo3-stub-gen...
Running: cargo run --bin python-stub-gen --profile nextest --features arrow,betfair,high-precision,mimalloc,redis,postgres,defi,hypersync,tracing-bridge,nautilus-interactive-brokers/gateway
  in: E:\nautilus_trader\.worktrees\ondo-r52-cleanup\crates\pyo3
Stubs generated successfully
Running: ruff check --fix E:\nautilus_trader\.worktrees\ondo-r52-cleanup\python\nautilus_trader\__init__.pyi E:\nautilus_trader\.worktrees\ondo-r52-cleanup\python\nautilus_trader\_libnautilus\__init__.pyi E:\nautilus_trader\.worktrees\ondo-r52-cleanup\python\nautilus_trader\adapters\__init__.pyi E:\nautilus_trader\.worktrees\ondo-r52-cleanup\python\nautilus_trader\adapters\architect_ax\__init__.pyi E:\nautilus_trader\.worktrees\ondo-r52-cleanup\python\nautilus_trader\adapters\aster\__init__.pyi E:\nautilus_trader\.worktrees\ondo-r52-cleanup\python\nautilus_trader\adapters\betfair\__init__.pyi E:\nautilus_trader\.worktrees\ondo-r52-cleanup\python\nautilus_trader\adapters\binance\__init__.pyi E:\nautilus_trader\.worktrees\ondo-r52-cleanup\python\nautilus_trader\adapters\bitmex\__init__.pyi E:\nautilus_trader\.worktrees\ondo-r52-cleanup\python\nautilus_trader\adapters\blockchain\__init__.pyi E:\nautilus_trader\.worktrees\ondo-r52-cleanup\python\nautilus_trader\adapters\bybit\__init__.pyi E:\nautilus_trader\.worktrees\ondo-r52-cleanup\python\nautilus_trader\adapters\coinbase\__init__.pyi E:\nautilus_trader\.worktrees\ondo-r52-cleanup\python\nautilus_trader\adapters\databento\__init__.pyi E:\nautilus_trader\.worktrees\ondo-r52-cleanup\python\nautilus_trader\adapters\deribit\__init__.pyi E:\nautilus_trader\.worktrees\ondo-r52-cleanup\python\nautilus_trader\adapters\derive\__init__.pyi E:\nautilus_trader\.worktrees\ondo-r52-cleanup\python\nautilus_trader\adapters\dydx\__init__.pyi E:\nautilus_trader\.worktrees\ondo-r52-cleanup\python\nautilus_trader\adapters\hyperliquid\__init__.pyi E:\nautilus_trader\.worktrees\ondo-r52-cleanup\python\nautilus_trader\adapters\interactive_brokers\__init__.pyi E:\nautilus_trader\.worktrees\ondo-r52-cleanup\python\nautilus_trader\adapters\kraken\__init__.pyi E:\nautilus_trader\.worktrees\ondo-r52-cleanup\python\nautilus_trader\adapters\lighter\__init__.pyi E:\nautilus_trader\.worktrees\ondo-r52-cleanup\python\nautilus_trader\adapters\okx\__init__.pyi E:\nautilus_trader\.worktrees\ondo-r52-cleanup\python\nautilus_trader\adapters\ondo\__init__.pyi E:\nautilus_trader\.worktrees\ondo-r52-cleanup\python\nautilus_trader\adapters\polymarket\__init__.pyi E:\nautilus_trader\.worktrees\ondo-r52-cleanup\python\nautilus_trader\adapters\sandbox\__init__.pyi E:\nautilus_trader\.worktrees\ondo-r52-cleanup\python\nautilus_trader\adapters\tardis\__init__.pyi E:\nautilus_trader\.worktrees\ondo-r52-cleanup\python\nautilus_trader\analysis\__init__.pyi E:\nautilus_trader\.worktrees\ondo-r52-cleanup\python\nautilus_trader\backtest\__init__.pyi E:\nautilus_trader\.worktrees\ondo-r52-cleanup\python\nautilus_trader\common\__init__.pyi E:\nautilus_trader\.worktrees\ondo-r52-cleanup\python\nautilus_trader\config\__init__.pyi E:\nautilus_trader\.worktrees\ondo-r52-cleanup\python\nautilus_trader\core\__init__.pyi E:\nautilus_trader\.worktrees\ondo-r52-cleanup\python\nautilus_trader\cryptography\__init__.pyi E:\nautilus_trader\.worktrees\ondo-r52-cleanup\python\nautilus_trader\data\__init__.pyi E:\nautilus_trader\.worktrees\ondo-r52-cleanup\python\nautilus_trader\execution\__init__.pyi E:\nautilus_trader\.worktrees\ondo-r52-cleanup\python\nautilus_trader\indicators\__init__.pyi E:\nautilus_trader\.worktrees\ondo-r52-cleanup\python\nautilus_trader\infrastructure\__init__.pyi E:\nautilus_trader\.worktrees\ondo-r52-cleanup\python\nautilus_trader\live\__init__.pyi E:\nautilus_trader\.worktrees\ondo-r52-cleanup\python\nautilus_trader\model\__init__.pyi E:\nautilus_trader\.worktrees\ondo-r52-cleanup\python\nautilus_trader\network\__init__.pyi E:\nautilus_trader\.worktrees\ondo-r52-cleanup\python\nautilus_trader\persistence\__init__.pyi E:\nautilus_trader\.worktrees\ondo-r52-cleanup\python\nautilus_trader\portfolio\__init__.pyi E:\nautilus_trader\.worktrees\ondo-r52-cleanup\python\nautilus_trader\risk\__init__.pyi E:\nautilus_trader\.worktrees\ondo-r52-cleanup\python\nautilus_trader\serialization\__init__.pyi E:\nautilus_trader\.worktrees\ondo-r52-cleanup\python\nautilus_trader\testkit\__init__.pyi E:\nautilus_trader\.worktrees\ondo-r52-cleanup\python\nautilus_trader\trading\__init__.pyi
Running: ruff format E:\nautilus_trader\.worktrees\ondo-r52-cleanup\python\nautilus_trader\__init__.pyi E:\nautilus_trader\.worktrees\ondo-r52-cleanup\python\nautilus_trader\_libnautilus\__init__.pyi E:\nautilus_trader\.worktrees\ondo-r52-cleanup\python\nautilus_trader\adapters\__init__.pyi E:\nautilus_trader\.worktrees\ondo-r52-cleanup\python\nautilus_trader\adapters\architect_ax\__init__.pyi E:\nautilus_trader\.worktrees\ondo-r52-cleanup\python\nautilus_trader\adapters\aster\__init__.pyi E:\nautilus_trader\.worktrees\ondo-r52-cleanup\python\nautilus_trader\adapters\betfair\__init__.pyi E:\nautilus_trader\.worktrees\ondo-r52-cleanup\python\nautilus_trader\adapters\binance\__init__.pyi E:\nautilus_trader\.worktrees\ondo-r52-cleanup\python\nautilus_trader\adapters\bitmex\__init__.pyi E:\nautilus_trader\.worktrees\ondo-r52-cleanup\python\nautilus_trader\adapters\blockchain\__init__.pyi E:\nautilus_trader\.worktrees\ondo-r52-cleanup\python\nautilus_trader\adapters\bybit\__init__.pyi E:\nautilus_trader\.worktrees\ondo-r52-cleanup\python\nautilus_trader\adapters\coinbase\__init__.pyi E:\nautilus_trader\.worktrees\ondo-r52-cleanup\python\nautilus_trader\adapters\databento\__init__.pyi E:\nautilus_trader\.worktrees\ondo-r52-cleanup\python\nautilus_trader\adapters\deribit\__init__.pyi E:\nautilus_trader\.worktrees\ondo-r52-cleanup\python\nautilus_trader\adapters\derive\__init__.pyi E:\nautilus_trader\.worktrees\ondo-r52-cleanup\python\nautilus_trader\adapters\dydx\__init__.pyi E:\nautilus_trader\.worktrees\ondo-r52-cleanup\python\nautilus_trader\adapters\hyperliquid\__init__.pyi E:\nautilus_trader\.worktrees\ondo-r52-cleanup\python\nautilus_trader\adapters\interactive_brokers\__init__.pyi E:\nautilus_trader\.worktrees\ondo-r52-cleanup\python\nautilus_trader\adapters\kraken\__init__.pyi E:\nautilus_trader\.worktrees\ondo-r52-cleanup\python\nautilus_trader\adapters\lighter\__init__.pyi E:\nautilus_trader\.worktrees\ondo-r52-cleanup\python\nautilus_trader\adapters\okx\__init__.pyi E:\nautilus_trader\.worktrees\ondo-r52-cleanup\python\nautilus_trader\adapters\ondo\__init__.pyi E:\nautilus_trader\.worktrees\ondo-r52-cleanup\python\nautilus_trader\adapters\polymarket\__init__.pyi E:\nautilus_trader\.worktrees\ondo-r52-cleanup\python\nautilus_trader\adapters\sandbox\__init__.pyi E:\nautilus_trader\.worktrees\ondo-r52-cleanup\python\nautilus_trader\adapters\tardis\__init__.pyi E:\nautilus_trader\.worktrees\ondo-r52-cleanup\python\nautilus_trader\analysis\__init__.pyi E:\nautilus_trader\.worktrees\ondo-r52-cleanup\python\nautilus_trader\backtest\__init__.pyi E:\nautilus_trader\.worktrees\ondo-r52-cleanup\python\nautilus_trader\common\__init__.pyi E:\nautilus_trader\.worktrees\ondo-r52-cleanup\python\nautilus_trader\config\__init__.pyi E:\nautilus_trader\.worktrees\ondo-r52-cleanup\python\nautilus_trader\core\__init__.pyi E:\nautilus_trader\.worktrees\ondo-r52-cleanup\python\nautilus_trader\cryptography\__init__.pyi E:\nautilus_trader\.worktrees\ondo-r52-cleanup\python\nautilus_trader\data\__init__.pyi E:\nautilus_trader\.worktrees\ondo-r52-cleanup\python\nautilus_trader\execution\__init__.pyi E:\nautilus_trader\.worktrees\ondo-r52-cleanup\python\nautilus_trader\indicators\__init__.pyi E:\nautilus_trader\.worktrees\ondo-r52-cleanup\python\nautilus_trader\infrastructure\__init__.pyi E:\nautilus_trader\.worktrees\ondo-r52-cleanup\python\nautilus_trader\live\__init__.pyi E:\nautilus_trader\.worktrees\ondo-r52-cleanup\python\nautilus_trader\model\__init__.pyi E:\nautilus_trader\.worktrees\ondo-r52-cleanup\python\nautilus_trader\network\__init__.pyi E:\nautilus_trader\.worktrees\ondo-r52-cleanup\python\nautilus_trader\persistence\__init__.pyi E:\nautilus_trader\.worktrees\ondo-r52-cleanup\python\nautilus_trader\portfolio\__init__.pyi E:\nautilus_trader\.worktrees\ondo-r52-cleanup\python\nautilus_trader\risk\__init__.pyi E:\nautilus_trader\.worktrees\ondo-r52-cleanup\python\nautilus_trader\serialization\__init__.pyi E:\nautilus_trader\.worktrees\ondo-r52-cleanup\python\nautilus_trader\testkit\__init__.pyi E:\nautilus_trader\.worktrees\ondo-r52-cleanup\python\nautilus_trader\trading\__init__.pyi
Type stubs written to . 
Generated: nautilus_trader\__init__.pyi
Generated: nautilus_trader\_libnautilus\__init__.pyi
Generated: nautilus_trader\adapters\__init__.pyi
Generated: nautilus_trader\adapters\architect_ax\__init__.pyi
Generated: nautilus_trader\adapters\aster\__init__.pyi
Generated: nautilus_trader\adapters\betfair\__init__.pyi
Generated: nautilus_trader\adapters\binance\__init__.pyi
Generated: nautilus_trader\adapters\bitmex\__init__.pyi
Generated: nautilus_trader\adapters\blockchain\__init__.pyi
Generated: nautilus_trader\adapters\bybit\__init__.pyi
Generated: nautilus_trader\adapters\coinbase\__init__.pyi
Generated: nautilus_trader\adapters\databento\__init__.pyi
Generated: nautilus_trader\adapters\deribit\__init__.pyi
Generated: nautilus_trader\adapters\derive\__init__.pyi
Generated: nautilus_trader\adapters\dydx\__init__.pyi
Generated: nautilus_trader\adapters\hyperliquid\__init__.pyi
Generated: nautilus_trader\adapters\interactive_brokers\__init__.pyi
Generated: nautilus_trader\adapters\kraken\__init__.pyi
Generated: nautilus_trader\adapters\lighter\__init__.pyi
Generated: nautilus_trader\adapters\okx\__init__.pyi
...and 23 more stub files
Stub generation completed successfully
