Using CPython 3.12.9
Creating virtual environment at: E:/Nautilus-Perps/.worktrees/ondo-r52-app/.venv
Activate with: E:\Nautilus-Perps\.worktrees\ondo-r52-app\.venv\Scripts\activate
Using Python 3.12.9 environment at: E:\Nautilus-Perps\.worktrees\ondo-r52-app\.venv
Resolved 24 packages in 594ms
Prepared 7 packages in 445ms
warning: Failed to hardlink files; falling back to full copy. This may lead to degraded performance.
         If the cache and target directories are on different filesystems, hardlinking may not be supported.
         If this is intentional, set `export UV_LINK_MODE=copy` or use `--link-mode=copy` to suppress this warning.
Installed 24 packages in 1.49s
 + cffi==2.1.1
 + click==8.5.0
 + colorama==0.4.6
 + cryptography==50.0.1
 + fsspec==2026.2.0
 + iniconfig==2.3.0
 + msgspec==0.21.1
 + numpy==2.5.2
 + packaging==26.3
 + pandas==3.0.5
 + pluggy==1.6.0
 + portion==2.6.2
 + pyarrow==25.0.1
 + pycparser==3.0
 + pygments==2.21.0
 + pytest==9.1.1
 + python-dateutil==2.9.0.post0
 + python-dotenv==1.2.3
 + pytz==2026.3.post1
 + six==1.17.0
 + sortedcontainers==2.4.0
 + tqdm==4.70.0
 + tzdata==2026.3
 + websockets==17.1
Using Python 3.12.9 environment at: E:\Nautilus-Perps\.worktrees\ondo-r52-app\.venv
Resolved 1 package in 1ms
Prepared 1 package in 257ms
warning: Failed to hardlink files; falling back to full copy. This may lead to degraded performance.
         If the cache and target directories are on different filesystems, hardlinking may not be supported.
         If this is intentional, set `export UV_LINK_MODE=copy` or use `--link-mode=copy` to suppress this warning.
Installed 1 package in 109ms
 + nautilus-trader==2.0.0rc4 (from file:///E:/nautilus_trader/dist-r52/nautilus_trader-2.0.0rc4-cp312-cp312-win_amd64.whl)
